Archive member included to satisfy reference by file (symbol)

c:/program files (x86)/atmel/studio/7.0/toolchain/arm/arm-gnu-toolchain/bin/../lib/gcc/arm-none-eabi/6.3.1/thumb/v7e-m\libgcc.a(_aeabi_uldivmod.o)
                              src/ProgrammerInterface.o (__aeabi_uldivmod)
c:/program files (x86)/atmel/studio/7.0/toolchain/arm/arm-gnu-toolchain/bin/../lib/gcc/arm-none-eabi/6.3.1/thumb/v7e-m\libgcc.a(_udivmoddi4.o)
                              c:/program files (x86)/atmel/studio/7.0/toolchain/arm/arm-gnu-toolchain/bin/../lib/gcc/arm-none-eabi/6.3.1/thumb/v7e-m\libgcc.a(_aeabi_uldivmod.o) (__udivmoddi4)
c:/program files (x86)/atmel/studio/7.0/toolchain/arm/arm-gnu-toolchain/bin/../lib/gcc/arm-none-eabi/6.3.1/thumb/v7e-m\libgcc.a(_dvmd_tls.o)
                              c:/program files (x86)/atmel/studio/7.0/toolchain/arm/arm-gnu-toolchain/bin/../lib/gcc/arm-none-eabi/6.3.1/thumb/v7e-m\libgcc.a(_aeabi_uldivmod.o) (__aeabi_ldiv0)
c:/program files (x86)/atmel/studio/7.0/toolchain/arm/arm-gnu-toolchain/bin/../lib/gcc/arm-none-eabi/6.3.1/../../../../arm-none-eabi/lib/thumb/v7e-m\libc.a(lib_a-exit.o)
                              c:/program files (x86)/atmel/studio/7.0/toolchain/arm/arm-gnu-toolchain/bin/../lib/gcc/arm-none-eabi/6.3.1/../../../../arm-none-eabi/lib/thumb/v7e-m/crt0.o (exit)
c:/program files (x86)/atmel/studio/7.0/toolchain/arm/arm-gnu-toolchain/bin/../lib/gcc/arm-none-eabi/6.3.1/../../../../arm-none-eabi/lib/thumb/v7e-m\libc.a(lib_a-impure.o)
                              c:/program files (x86)/atmel/studio/7.0/toolchain/arm/arm-gnu-toolchain/bin/../lib/gcc/arm-none-eabi/6.3.1/../../../../arm-none-eabi/lib/thumb/v7e-m\libc.a(lib_a-exit.o) (_global_impure_ptr)
c:/program files (x86)/atmel/studio/7.0/toolchain/arm/arm-gnu-toolchain/bin/../lib/gcc/arm-none-eabi/6.3.1/../../../../arm-none-eabi/lib/thumb/v7e-m\libc.a(lib_a-init.o)
                              c:/program files (x86)/atmel/studio/7.0/toolchain/arm/arm-gnu-toolchain/bin/../lib/gcc/arm-none-eabi/6.3.1/../../../../arm-none-eabi/lib/thumb/v7e-m/crt0.o (__libc_init_array)
c:/program files (x86)/atmel/studio/7.0/toolchain/arm/arm-gnu-toolchain/bin/../lib/gcc/arm-none-eabi/6.3.1/../../../../arm-none-eabi/lib/thumb/v7e-m\libc.a(lib_a-memset.o)
                              c:/program files (x86)/atmel/studio/7.0/toolchain/arm/arm-gnu-toolchain/bin/../lib/gcc/arm-none-eabi/6.3.1/../../../../arm-none-eabi/lib/thumb/v7e-m/crt0.o (memset)
c:/program files (x86)/atmel/studio/7.0/toolchain/arm/arm-gnu-toolchain/bin/../lib/gcc/arm-none-eabi/6.3.1/../../../../arm-none-eabi/lib/thumb/v7e-m\libc.a(lib_a-sprintf.o)
                              src/ProgrammerInterface.o (sprintf)
c:/program files (x86)/atmel/studio/7.0/toolchain/arm/arm-gnu-toolchain/bin/../lib/gcc/arm-none-eabi/6.3.1/../../../../arm-none-eabi/lib/thumb/v7e-m\libc.a(lib_a-strcpy.o)
                              src/wifi.o (strcpy)
c:/program files (x86)/atmel/studio/7.0/toolchain/arm/arm-gnu-toolchain/bin/../lib/gcc/arm-none-eabi/6.3.1/../../../../arm-none-eabi/lib/thumb/v7e-m\libc.a(lib_a-strstr.o)
                              src/wifi.o (strstr)
c:/program files (x86)/atmel/studio/7.0/toolchain/arm/arm-gnu-toolchain/bin/../lib/gcc/arm-none-eabi/6.3.1/../../../../arm-none-eabi/lib/thumb/v7e-m\libc.a(lib_a-svfprintf.o)
                              c:/program files (x86)/atmel/studio/7.0/toolchain/arm/arm-gnu-toolchain/bin/../lib/gcc/arm-none-eabi/6.3.1/../../../../arm-none-eabi/lib/thumb/v7e-m\libc.a(lib_a-sprintf.o) (_svfprintf_r)
c:/program files (x86)/atmel/studio/7.0/toolchain/arm/arm-gnu-toolchain/bin/../lib/gcc/arm-none-eabi/6.3.1/../../../../arm-none-eabi/lib/thumb/v7e-m\libc.a(lib_a-__call_atexit.o)
                              c:/program files (x86)/atmel/studio/7.0/toolchain/arm/arm-gnu-toolchain/bin/../lib/gcc/arm-none-eabi/6.3.1/../../../../arm-none-eabi/lib/thumb/v7e-m\libc.a(lib_a-exit.o) (__call_exitprocs)
c:/program files (x86)/atmel/studio/7.0/toolchain/arm/arm-gnu-toolchain/bin/../lib/gcc/arm-none-eabi/6.3.1/../../../../arm-none-eabi/lib/thumb/v7e-m\libc.a(lib_a-atexit.o)
                              c:/program files (x86)/atmel/studio/7.0/toolchain/arm/arm-gnu-toolchain/bin/../lib/gcc/arm-none-eabi/6.3.1/../../../../arm-none-eabi/lib/thumb/v7e-m\libc.a(lib_a-__call_atexit.o) (atexit)
c:/program files (x86)/atmel/studio/7.0/toolchain/arm/arm-gnu-toolchain/bin/../lib/gcc/arm-none-eabi/6.3.1/../../../../arm-none-eabi/lib/thumb/v7e-m\libc.a(lib_a-dtoa.o)
                              c:/program files (x86)/atmel/studio/7.0/toolchain/arm/arm-gnu-toolchain/bin/../lib/gcc/arm-none-eabi/6.3.1/../../../../arm-none-eabi/lib/thumb/v7e-m\libc.a(lib_a-svfprintf.o) (_dtoa_r)
c:/program files (x86)/atmel/studio/7.0/toolchain/arm/arm-gnu-toolchain/bin/../lib/gcc/arm-none-eabi/6.3.1/../../../../arm-none-eabi/lib/thumb/v7e-m\libc.a(lib_a-fini.o)
[...]
Memory Configuration

Name             Origin             Length             Attributes
rom              0x00400000         0x00080000         xr
ram              0x20000000         0x00020000         xrw
*default*        0x00000000         0xffffffff

Linker script and memory map

LOAD c:/program files (x86)/atmel/studio/7.0/toolchain/arm/arm-gnu-toolchain/bin/../lib/gcc/arm-none-eabi/6.3.1/thumb/v7e-m/crti.o
LOAD c:/program files (x86)/atmel/studio/7.0/toolchain/arm/arm-gnu-toolchain/bin/../lib/gcc/arm-none-eabi/6.3.1/thumb/v7e-m/crtbegin.o
LOAD c:/program files (x86)/atmel/studio/7.0/toolchain/arm/arm-gnu-toolchain/bin/../lib/gcc/arm-none-eabi/6.3.1/../../../../arm-none-eabi/lib/thumb/v7e-m/crt0.o
LOAD src/ASF/common/utils/stdio/read.o
LOAD src/ASF/sam/drivers/pio/pio_handler.o
LOAD src/ASF/sam/drivers/usart/usart.o
LOAD src/ASF/sam/drivers/wdt/wdt.o
LOAD src/ProgrammerInterface.o
LOAD src/timer_interface.o
LOAD src/wifi.o
LOAD src/ASF/common/utils/stdio/write.o
LOAD src/ASF/common/services/serial/usart_serial.o
LOAD src/ASF/common/services/delay/sam/cycle_counter.o
LOAD src/ASF/common/services/clock/sam4s/sysclk.o
LOAD src/ASF/sam/drivers/pio/pio.o
LOAD src/ASF/sam/drivers/pmc/pmc.o
LOAD src/ASF/sam/drivers/tc/tc.o
LOAD src/ASF/sam/drivers/uart/uart.o
LOAD src/ASF/sam/drivers/pmc/sleep.o
LOAD src/ASF/common/boards/user_board/init.o
LOAD src/ASF/common/utils/interrupt/interrupt_sam_nvic.o
LOAD src/ASF/sam/utils/cmsis/sam4s/source/templates/gcc/startup_sam4s.o
LOAD src/ASF/sam/utils/cmsis/sam4s/source/templates/system_sam4s.o
LOAD src/ASF/sam/utils/syscalls/gcc/syscalls.o
LOAD src/main.o
START GROUP
LOAD ../src/ASF/thirdparty/CMSIS/Lib/GCC\libarm_cortexM4l_math.a
LOAD c:/program files (x86)/atmel/studio/7.0/toolchain/arm/arm-gnu-toolchain/bin/../lib/gcc/arm-none-eabi/6.3.1/../../../../arm-none-eabi/lib/thumb/v7e-m\libm.a
END GROUP
START GROUP
LOAD c:/program files (x86)/atmel/studio/7.0/toolchain/arm/arm-gnu-toolchain/bin/../lib/gcc/arm-none-eabi/6.3.1/thumb/v7e-m\libgcc.a
LOAD c:/program files (x86)/atmel/studio/7.0/toolchain/arm/arm-gnu-toolchain/bin/../lib/gcc/arm-none-eabi/6.3.1/../../../../arm-none-eabi/lib/thumb/v7e-m\libc.a
END GROUP
LOAD c:/program files (x86)/atmel/studio/7.0/toolchain/arm/arm-gnu-toolchain/bin/../lib/gcc/arm-none-eabi/6.3.1/thumb/v7e-m/crtend.o
LOAD c:/program files (x86)/atmel/studio/7.0/toolchain/arm/arm-gnu-toolchain/bin/../lib/gcc/arm-none-eabi/6.3.1/thumb/v7e-m/crtn.o
                0x00003000                __stack_size__ = DEFINED (__stack_size__)?__stack_size__:0x3000
                0x2001fffc                __ram_end__ = ((ORIGIN (ram) + LENGTH (ram)) - 0x4)

.text           0x00400000     0x777c
                0x00400000                . = ALIGN (0x4)
                0x00400000                _sfixed = .
 *(.vectors .vectors.*)
 .vectors       0x00400000       0xcc src/ASF/sam/utils/cmsis/sam4s/source/templates/gcc/startup_sam4s.o
                0x00400000                exception_table
 *(.text .text.* .gnu.linkonce.t.*)
 .text          0x004000cc       0x6c c:/program files (x86)/atmel/studio/7.0/toolchain/arm/arm-gnu-toolchain/bin/../lib/gcc/arm-none-eabi/6.3.1/thumb/v7e-m/crtbegin.o
 .text.pio_handler_process
                0x00400138       0xd4 src/ASF/sam/drivers/pio/pio_handler.o
                0x00400138                pio_handler_process
 .text.pio_handler_set
                0x0040020c       0xa0 src/ASF/sam/drivers/pio/pio_handler.o
                0x0040020c                pio_handler_set
 .text.PIOA_Handler
                0x004002ac       0x18 src/ASF/sam/drivers/pio/pio_handler.o
                0x004002ac                PIOA_Handler
 .text.PIOB_Handler
                0x004002c4       0x18 src/ASF/sam/drivers/pio/pio_handler.o
                0x004002c4                PIOB_Handler
 .text.usart_set_async_baudrate
                0x004002dc       0x88 src/ASF/sam/drivers/usart/usart.o
                0x004002dc                usart_set_async_baudrate
 .text.usart_reset
                0x00400364       0x60 src/ASF/sam/drivers/usart/usart.o
                0x00400364                usart_reset
 .text.usart_init_rs232
                0x004003c4       0x84 src/ASF/sam/drivers/usart/usart.o
                0x004003c4                usart_init_rs232
 .text.usart_init_hw_handshaking
                0x00400448       0x40 src/ASF/sam/drivers/usart/usart.o
                0x00400448                usart_init_hw_handshaking
 .text.usart_enable_tx
                0x00400488       0x18 src/ASF/sam/drivers/usart/usart.o
                0x00400488                usart_enable_tx
 .text.usart_reset_tx
                0x004004a0       0x18 src/ASF/sam/drivers/usart/usart.o
                0x004004a0                usart_reset_tx
 .text.usart_enable_rx
                0x004004b8       0x18 src/ASF/sam/drivers/usart/usart.o
                0x004004b8                usart_enable_rx
 .text.usart_reset_rx
                0x004004d0       0x18 src/ASF/sam/drivers/usart/usart.o
                0x004004d0                usart_reset_rx
 .text.usart_enable_interrupt
                0x004004e8       0x1a src/ASF/sam/drivers/usart/usart.o
                0x004004e8                usart_enable_interrupt
 .text.usart_disable_interrupt
                0x00400502       0x1a src/ASF/sam/drivers/usart/usart.o
                0x00400502                usart_disable_interrupt
 .text.usart_get_status
                0x0040051c       0x16 src/ASF/sam/drivers/usart/usart.o
                0x0040051c                usart_get_status
 .text.usart_reset_status
                0x00400532       0x1a src/ASF/sam/drivers/usart/usart.o
                0x00400532                usart_reset_status
 .text.usart_drive_DTR_pin_high
                0x0040054c       0x1a src/ASF/sam/drivers/usart/usart.o
                0x0040054c                usart_drive_DTR_pin_high
 .text.usart_drive_RTS_pin_high
                0x00400566       0x1a src/ASF/sam/drivers/usart/usart.o
                0x00400566                usart_drive_RTS_pin_high
 .text.usart_read
                0x00400580       0x32 src/ASF/sam/drivers/usart/usart.o
                0x00400580                usart_read
 *fill*         0x004005b2        0x2 
 .text.usart_disable_writeprotect
                0x004005b4       0x20 src/ASF/sam/drivers/usart/usart.o
                0x004005b4                usart_disable_writeprotect
 .text.wdt_disable
                0x004005d4       0x1a src/ASF/sam/drivers/wdt/wdt.o
                0x004005d4                wdt_disable
 *fill*         0x004005ee        0x2 
 .text.ASCII_to_Num
                0x004005f0       0xc0 src/ProgrammerInterface.o
                0x004005f0                ASCII_to_Num
 .text.Parse_Program
                0x004006b0      0x19c src/ProgrammerInterface.o
                0x004006b0                Parse_Program
 .text.NVIC_EnableIRQ
                0x0040084c       0x30 src/timer_interface.o
 .text.osc_get_rate
                0x0040087c       0x74 src/timer_interface.o
 .text.sysclk_get_main_hz
                0x004008f0       0x1c src/timer_interface.o
 .text.sysclk_get_cpu_hz
                0x0040090c       0x14 src/timer_interface.o
 .text.TC0_Handler
                0x00400920       0x3c src/timer_interface.o
                0x00400920                TC0_Handler
 .text.configure_tc
                0x0040095c       0x8c src/timer_interface.o
                0x0040095c                configure_tc
 .text.NVIC_EnableIRQ
                0x004009e8       0x30 src/wifi.o
 .text.osc_get_rate
                0x00400a18       0x74 src/wifi.o
 .text.sysclk_get_main_hz
                0x00400a8c       0x1c src/wifi.o
 .text.sysclk_get_cpu_hz
                0x00400aa8       0x14 src/wifi.o
 .text.sysclk_get_peripheral_hz
                0x00400abc       0x14 src/wifi.o
 .text.sysclk_enable_peripheral_clock
                0x00400ad0       0x1c src/wifi.o
 .text.ioport_set_pin_dir
                0x00400aec       0x86 src/wifi.o
 .text.ioport_set_pin_level
                0x00400b72       0x6a src/wifi.o
 .text.USART0_Handler
                0x00400bdc       0x54 src/wifi.o
                0x00400bdc                USART0_Handler
 .text.process_incoming_byte_wifi
                0x00400c30       0x30 src/wifi.o
                0x00400c30                process_incoming_byte_wifi
 .text.wifi_command_response_handler
                0x00400c60       0x48 src/wifi.o
                0x00400c60                wifi_command_response_handler
 .text.process_data_wifi
                0x00400ca8       0x94 src/wifi.o
                0x00400ca8                process_data_wifi
 .text.wifi_web_setup_handler
                0x00400d3c       0x20 src/wifi.o
                0x00400d3c                wifi_web_setup_handler
 .text.configure_usart_wifi
                0x00400d5c       0xc8 src/wifi.o
                0x00400d5c                configure_usart_wifi
 .text.configure_wifi_comm_pin
                0x00400e24       0x60 src/wifi.o
                0x00400e24                configure_wifi_comm_pin
 .text.configure_wifi_web_setup_pin
                0x00400e84       0x58 src/wifi.o
                0x00400e84                configure_wifi_web_setup_pin
 .text.resetWifi
                0x00400edc      0x12c src/wifi.o
                0x00400edc                resetWifi
 .text.osc_enable
                0x00401008       0x88 src/ASF/common/services/clock/sam4s/sysclk.o
 .text.osc_is_ready
                0x00401090       0x70 src/ASF/common/services/clock/sam4s/sysclk.o
 .text.osc_get_rate
                0x00401100       0x74 src/ASF/common/services/clock/sam4s/sysclk.o
 .text.osc_wait_ready
                0x00401174       0x2c src/ASF/common/services/clock/sam4s/sysclk.o
 .text.pll_config_init
                0x004011a0       0x54 src/ASF/common/services/clock/sam4s/sysclk.o
 .text.pll_enable
                0x004011f4       0x44 src/ASF/common/services/clock/sam4s/sysclk.o
 .text.pll_is_locked
                0x00401238       0x2c src/ASF/common/services/clock/sam4s/sysclk.o
 .text.pll_enable_source
                0x00401264       0x38 src/ASF/common/services/clock/sam4s/sysclk.o
 .text.pll_wait_for_lock
                0x0040129c       0x24 src/ASF/common/services/clock/sam4s/sysclk.o
 .text.sysclk_get_main_hz
                0x004012c0       0x1c src/ASF/common/services/clock/sam4s/sysclk.o
 .text.sysclk_get_cpu_hz
                0x004012dc       0x14 src/ASF/common/services/clock/sam4s/sysclk.o
 .text.sysclk_init
                0x004012f0       0x70 src/ASF/common/services/clock/sam4s/sysclk.o
                0x004012f0                sysclk_init
 .text.pio_pull_up
                0x00401360       0x2a src/ASF/sam/drivers/pio/pio.o
                0x00401360                pio_pull_up
 .text.pio_set_debounce_filter
                0x0040138a       0x36 src/ASF/sam/drivers/pio/pio.o
                0x0040138a                pio_set_debounce_filter
 .text.pio_set_peripheral
                0x004013c0      0x10e src/ASF/sam/drivers/pio/pio.o
                0x004013c0                pio_set_peripheral
 *fill*         0x004014ce        0x2 
 .text.pio_set_input
                0x004014d0       0x80 src/ASF/sam/drivers/pio/pio.o
                0x004014d0                pio_set_input
 .text.pio_set_output
                0x00401550       0x64 src/ASF/sam/drivers/pio/pio.o
                0x00401550                pio_set_output
 .text.pio_configure_interrupt
                0x004015b4       0x6a src/ASF/sam/drivers/pio/pio.o
                0x004015b4                pio_configure_interrupt
 .text.pio_enable_interrupt
                0x0040161e       0x1a src/ASF/sam/drivers/pio/pio.o
                0x0040161e                pio_enable_interrupt
 .text.pio_disable_interrupt
                0x00401638       0x1a src/ASF/sam/drivers/pio/pio.o
                0x00401638                pio_disable_interrupt
 .text.pio_get_interrupt_status
                0x00401652       0x16 src/ASF/sam/drivers/pio/pio.o
                0x00401652                pio_get_interrupt_status
 .text.pio_get_interrupt_mask
                0x00401668       0x16 src/ASF/sam/drivers/pio/pio.o
                0x00401668                pio_get_interrupt_mask
 *fill*         0x0040167e        0x2 
 .text.pio_configure_pin
                0x00401680      0x1b0 src/ASF/sam/drivers/pio/pio.o
                0x00401680                pio_configure_pin
 .text.pio_get_pin_group
                0x00401830       0x24 src/ASF/sam/drivers/pio/pio.o
                0x00401830                pio_get_pin_group
 .text.pmc_switch_mck_to_pllack
                0x00401854       0x80 src/ASF/sam/drivers/pmc/pmc.o
                0x00401854                pmc_switch_mck_to_pllack
 .text.pmc_switch_sclk_to_32kxtal
                0x004018d4       0x38 src/ASF/sam/drivers/pmc/pmc.o
                0x004018d4                pmc_switch_sclk_to_32kxtal
 .text.pmc_osc_is_ready_32kxtal
                0x0040190c       0x34 src/ASF/sam/drivers/pmc/pmc.o
                0x0040190c                pmc_osc_is_ready_32kxtal
 .text.pmc_switch_mainck_to_fastrc
                0x00401940       0x70 src/ASF/sam/drivers/pmc/pmc.o
                0x00401940                pmc_switch_mainck_to_fastrc
 .text.pmc_switch_mainck_to_xtal
                0x004019b0       0x78 src/ASF/sam/drivers/pmc/pmc.o
                0x004019b0                pmc_switch_mainck_to_xtal
 .text.pmc_osc_is_ready_mainck
                0x00401a28       0x18 src/ASF/sam/drivers/pmc/pmc.o
                0x00401a28                pmc_osc_is_ready_mainck
 .text.pmc_disable_pllack
                0x00401a40       0x18 src/ASF/sam/drivers/pmc/pmc.o
                0x00401a40                pmc_disable_pllack
 .text.pmc_is_locked_pllack
                0x00401a58       0x18 src/ASF/sam/drivers/pmc/pmc.o
                0x00401a58                pmc_is_locked_pllack
 .text.pmc_disable_pllbck
                0x00401a70       0x18 src/ASF/sam/drivers/pmc/pmc.o
                0x00401a70                pmc_disable_pllbck
 .text.pmc_is_locked_pllbck
                0x00401a88       0x18 src/ASF/sam/drivers/pmc/pmc.o
                0x00401a88                pmc_is_locked_pllbck
 .text.pmc_enable_periph_clk
                0x00401aa0       0x80 src/ASF/sam/drivers/pmc/pmc.o
                0x00401aa0                pmc_enable_periph_clk
 .text.tc_init  0x00401b20       0x38 src/ASF/sam/drivers/tc/tc.o
                0x00401b20                tc_init
 .text.tc_start
                0x00401b58       0x20 src/ASF/sam/drivers/tc/tc.o
                0x00401b58                tc_start
 .text.tc_write_rc
                0x00401b78       0x24 src/ASF/sam/drivers/tc/tc.o
                0x00401b78                tc_write_rc
 .text.tc_enable_interrupt
                0x00401b9c       0x26 src/ASF/sam/drivers/tc/tc.o
                0x00401b9c                tc_enable_interrupt
 .text.tc_get_status
                0x00401bc2       0x22 src/ASF/sam/drivers/tc/tc.o
                0x00401bc2                tc_get_status
 .text.tc_find_mck_divisor
                0x00401be4       0xa4 src/ASF/sam/drivers/tc/tc.o
                0x00401be4                tc_find_mck_divisor
 .text.sysclk_enable_peripheral_clock
                0x00401c88       0x1c src/ASF/common/boards/user_board/init.o
 .text.ioport_init
                0x00401ca4       0x18 src/ASF/common/boards/user_board/init.o
 .text.ioport_set_pin_dir
                0x00401cbc       0x86 src/ASF/common/boards/user_board/init.o
 .text.ioport_set_pin_level
                0x00401d42       0x6a src/ASF/common/boards/user_board/init.o
 .text.board_init
                0x00401dac       0x40 src/ASF/common/boards/user_board/init.o
                0x00401dac                board_init
 .text.Reset_Handler
                0x00401dec       0xc8 src/ASF/sam/utils/cmsis/sam4s/source/templates/gcc/startup_sam4s.o
                0x00401dec                Reset_Handler
 .text.Dummy_Handler
                0x00401eb4        0x6 src/ASF/sam/utils/cmsis/sam4s/source/templates/gcc/startup_sam4s.o
                0x00401eb4                DACC_Handler
                0x00401eb4                DebugMon_Handler
                0x00401eb4                HardFault_Handler
                0x00401eb4                TC2_Handler
                0x00401eb4                SPI_Handler
                0x00401eb4                SysTick_Handler
                0x00401eb4                TWI1_Handler
                0x00401eb4                PendSV_Handler
                0x00401eb4                NMI_Handler
                0x00401eb4                ADC_Handler
                0x00401eb4                CRCCU_Handler
                0x00401eb4                RTT_Handler
                0x00401eb4                RTC_Handler
                0x00401eb4                UsageFault_Handler
                0x00401eb4                WDT_Handler
                0x00401eb4                TC1_Handler
                0x00401eb4                HSMCI_Handler
                0x00401eb4                UART1_Handler
                0x00401eb4                Dummy_Handler
                0x00401eb4                TWI0_Handler
                0x00401eb4                USART1_Handler
                0x00401eb4                SSC_Handler
                0x00401eb4                EFC0_Handler
                0x00401eb4                ACC_Handler
                0x00401eb4                PMC_Handler
                0x00401eb4                PWM_Handler
                0x00401eb4                MemManage_Handler
                0x00401eb4                SUPC_Handler
                0x00401eb4                SVC_Handler
                0x00401eb4                UART0_Handler
                0x00401eb4                UDP_Handler
                0x00401eb4                BusFault_Handler
                0x00401eb4                RSTC_Handler
 *fill*         0x00401eba        0x2 
 .text.SystemCoreClockUpdate
                0x00401ebc      0x198 src/ASF/sam/utils/cmsis/sam4s/source/templates/system_sam4s.o
                0x00401ebc                SystemCoreClockUpdate
 .text.system_init_flash
                0x00402054       0x94 src/ASF/sam/utils/cmsis/sam4s/source/templates/system_sam4s.o
                0x00402054                system_init_flash
 .text._sbrk    0x004020e8       0x58 src/ASF/sam/utils/syscalls/gcc/syscalls.o
                0x004020e8                _sbrk
 .text.osc_get_rate
                0x00402140       0x74 src/main.o
 .text.sysclk_get_main_hz
                0x004021b4       0x1c src/main.o
 .text.sysclk_get_cpu_hz
                0x004021d0       0x14 src/main.o
 .text.main     0x004021e4      0x188 src/main.o
                0x004021e4                main
 .text          0x0040236c       0x30 c:/program files (x86)/atmel/studio/7.0/toolchain/arm/arm-gnu-toolchain/bin/../lib/gcc/arm-none-eabi/6.3.1/thumb/v7e-m\libgcc.a(_aeabi_uldivmod.o)
                0x0040236c                __aeabi_uldivmod
 .text          0x0040239c      0x2dc c:/program files (x86)/atmel/studio/7.0/toolchain/arm/arm-gnu-toolchain/bin/../lib/gcc/arm-none-eabi/6.3.1/thumb/v7e-m\libgcc.a(_udivmoddi4.o)
                0x0040239c                __udivmoddi4
 .text          0x00402678        0x4 c:/program files (x86)/atmel/studio/7.0/toolchain/arm/arm-gnu-toolchain/bin/../lib/gcc/arm-none-eabi/6.3.1/thumb/v7e-m\libgcc.a(_dvmd_tls.o)
                0x00402678                __aeabi_idiv0
                0x00402678                __aeabi_ldiv0
 .text.__libc_init_array
                0x0040267c       0x50 c:/program files (x86)/atmel/studio/7.0/toolchain/arm/arm-gnu-toolchain/bin/../lib/gcc/arm-none-eabi/6.3.1/../../../../arm-none-eabi/lib/thumb/v7e-m\libc.a(lib_a-init.o)
                0x0040267c                __libc_init_array
 .text.memset   0x004026cc       0x9c c:/program files (x86)/atmel/studio/7.0/toolchain/arm/arm-gnu-toolchain/bin/../lib/gcc/arm-none-eabi/6.3.1/../../../../arm-none-eabi/lib/thumb/v7e-m\libc.a(lib_a-memset.o)
                0x004026cc                memset
 .text.sprintf  0x00402768       0x4c c:/program files (x86)/atmel/studio/7.0/toolchain/arm/arm-gnu-toolchain/bin/../lib/gcc/arm-none-eabi/6.3.1/../../../../arm-none-eabi/lib/thumb/v7e-m\libc.a(lib_a-sprintf.o)
                0x00402768                sprintf
 .text.strcpy   0x004027b4       0xbc c:/program files (x86)/atmel/studio/7.0/toolchain/arm/arm-gnu-toolchain/bin/../lib/gcc/arm-none-eabi/6.3.1/../../../../arm-none-eabi/lib/thumb/v7e-m\libc.a(lib_a-strcpy.o)
                0x004027b4                strcpy
 .text.critical_factorization
                0x00402870       0xb4 c:/program files (x86)/atmel/studio/7.0/toolchain/arm/arm-gnu-toolchain/bin/../lib/gcc/arm-none-eabi/6.3.1/../../../../arm-none-eabi/lib/thumb/v7e-m\libc.a(lib_a-strstr.o)
 .text.two_way_long_needle
                0x00402924      0x1fc c:/program files (x86)/atmel/studio/7.0/toolchain/arm/arm-gnu-toolchain/bin/../lib/gcc/arm-none-eabi/6.3.1/../../../../arm-none-eabi/lib/thumb/v7e-m\libc.a(lib_a-strstr.o)
 .text.strstr   0x00402b20      0x218 c:/program files (x86)/atmel/studio/7.0/toolchain/arm/arm-gnu-toolchain/bin/../lib/gcc/arm-none-eabi/6.3.1/../../../../arm-none-eabi/lib/thumb/v7e-m\libc.a(lib_a-strstr.o)
                0x00402b20                strstr
 .text._svfprintf_r
                0x00402d38     0x145c c:/program files (x86)/atmel/studio/7.0/toolchain/arm/arm-gnu-toolchain/bin/../lib/gcc/arm-none-eabi/6.3.1/../../../../arm-none-eabi/lib/thumb/v7e-m\libc.a(lib_a-svfprintf.o)
                0x00402d38                _svfprintf_r
 .text.startup.register_fini
                0x00404194       0x14 c:/program files (x86)/atmel/studio/7.0/toolchain/arm/arm-gnu-toolchain/bin/../lib/gcc/arm-none-eabi/6.3.1/../../../../arm-none-eabi/lib/thumb/v7e-m\libc.a(lib_a-__call_atexit.o)
 .text.atexit   0x004041a8        0xc c:/program files (x86)/atmel/studio/7.0/toolchain/arm/arm-gnu-toolchain/bin/../lib/gcc/arm-none-eabi/6.3.1/../../../../arm-none-eabi/lib/thumb/v7e-m\libc.a(lib_a-atexit.o)
                0x004041a8                atexit
 .text.quorem   0x004041b4      0x128 c:/program files (x86)/atmel/studio/7.0/toolchain/arm/arm-gnu-toolchain/bin/../lib/gcc/arm-none-eabi/6.3.1/../../../../arm-none-eabi/lib/thumb/v7e-m\libc.a(lib_a-dtoa.o)
 *fill*         0x004042dc        0x4 
 .text._dtoa_r  0x004042e0      0xe54 c:/program files (x86)/atmel/studio/7.0/toolchain/arm/arm-gnu-toolchain/bin/../lib/gcc/arm-none-eabi/6.3.1/../../../../arm-none-eabi/lib/thumb/v7e-m\libc.a(lib_a-dtoa.o)
                0x004042e0                _dtoa_r
 .text.__libc_fini_array
                0x00405134       0x34 c:/program files (x86)/atmel/studio/7.0/toolchain/arm/arm-gnu-toolchain/bin/../lib/gcc/arm-none-eabi/6.3.1/../../../../arm-none-eabi/lib/thumb/v7e-m\libc.a(lib_a-fini.o)
                0x00405134                __libc_fini_array
 .text._localeconv_r
                0x00405168       0x1c c:/program files (x86)/atmel/studio/7.0/toolchain/arm/arm-gnu-toolchain/bin/../lib/gcc/arm-none-eabi/6.3.1/../../../../arm-none-eabi/lib/thumb/v7e-m\libc.a(lib_a-localeconv.o)
                0x00405168                _localeconv_r
 .text.__retarget_lock_acquire_recursive
                0x00405184        0x4 c:/program files (x86)/atmel/studio/7.0/toolchain/arm/arm-gnu-toolchain/bin/../lib/gcc/arm-none-eabi/6.3.1/../../../../arm-none-eabi/lib/thumb/v7e-m\libc.a(lib_a-lock.o)
                0x00405184                __retarget_lock_acquire_recursive
 .text.__retarget_lock_release_recursive
                0x00405188        0x4 c:/program files (x86)/atmel/studio/7.0/toolchain/arm/arm-gnu-toolchain/bin/../lib/gcc/arm-none-eabi/6.3.1/../../../../arm-none-eabi/lib/thumb/v7e-m\libc.a(lib_a-lock.o)
                0x00405188                __retarget_lock_release_recursive
 .text._malloc_r
                0x0040518c      0x560 c:/program files (x86)/atmel/studio/7.0/toolchain/arm/arm-gnu-toolchain/bin/../lib/gcc/arm-none-eabi/6.3.1/../../../../arm-none-eabi/lib/thumb/v7e-m\libc.a(lib_a-mallocr.o)
                0x0040518c                _malloc_r
 *fill*         0x004056ec        0x4 
 .text          0x004056f0       0xa0 c:/program files (x86)/atmel/studio/7.0/toolchain/arm/arm-gnu-toolchain/bin/../lib/gcc/arm-none-eabi/6.3.1/../../../../arm-none-eabi/lib/thumb/v7e-m\libc.a(lib_a-memchr.o)
                0x004056f0                memchr
 .text.memcmp   0x00405790       0x60 c:/program files (x86)/atmel/studio/7.0/toolchain/arm/arm-gnu-toolchain/bin/../lib/gcc/arm-none-eabi/6.3.1/../../../../arm-none-eabi/lib/thumb/v7e-m\libc.a(lib_a-memcmp.o)
                0x00405790                memcmp
 .text          0x004057f0      0x134 c:/program files (x86)/atmel/studio/7.0/toolchain/arm/arm-gnu-toolchain/bin/../lib/gcc/arm-none-eabi/6.3.1/../../../../arm-none-eabi/lib/thumb/v7e-m\libc.a(lib_a-memcpy.o)
                0x004057f0                memcpy
 .text.__malloc_lock
                0x00405924        0xc c:/program files (x86)/atmel/studio/7.0/toolchain/arm/arm-gnu-toolchain/bin/../lib/gcc/arm-none-eabi/6.3.1/../../../../arm-none-eabi/lib/thumb/v7e-m\libc.a(lib_a-mlock.o)
                0x00405924                __malloc_lock
 .text.__malloc_unlock
                0x00405930        0xc c:/program files (x86)/atmel/studio/7.0/toolchain/arm/arm-gnu-toolchain/bin/../lib/gcc/arm-none-eabi/6.3.1/../../../../arm-none-eabi/lib/thumb/v7e-m\libc.a(lib_a-mlock.o)
                0x00405930                __malloc_unlock
 .text._Balloc  0x0040593c       0x4c c:/program files (x86)/atmel/studio/7.0/toolchain/arm/arm-gnu-toolchain/bin/../lib/gcc/arm-none-eabi/6.3.1/../../../../arm-none-eabi/lib/thumb/v7e-m\libc.a(lib_a-mprec.o)
                0x0040593c                _Balloc
 .text._Bfree   0x00405988       0x14 c:/program files (x86)/atmel/studio/7.0/toolchain/arm/arm-gnu-toolchain/bin/../lib/gcc/arm-none-eabi/6.3.1/../../../../arm-none-eabi/lib/thumb/v7e-m\libc.a(lib_a-mprec.o)
                0x00405988                _Bfree
 .text.__multadd
                0x0040599c       0x80 c:/program files (x86)/atmel/studio/7.0/toolchain/arm/arm-gnu-toolchain/bin/../lib/gcc/arm-none-eabi/6.3.1/../../../../arm-none-eabi/lib/thumb/v7e-m\libc.a(lib_a-mprec.o)
                0x0040599c                __multadd
 .text.__hi0bits
                0x00405a1c       0x40 c:/program files (x86)/atmel/studio/7.0/toolchain/arm/arm-gnu-toolchain/bin/../lib/gcc/arm-none-eabi/6.3.1/../../../../arm-none-eabi/lib/thumb/v7e-m\libc.a(lib_a-mprec.o)
                0x00405a1c                __hi0bits
 .text.__lo0bits
                0x00405a5c       0x60 c:/program files (x86)/atmel/studio/7.0/toolchain/arm/arm-gnu-toolchain/bin/../lib/gcc/arm-none-eabi/6.3.1/../../../../arm-none-eabi/lib/thumb/v7e-m\libc.a(lib_a-mprec.o)
                0x00405a5c                __lo0bits
 .text.__i2b    0x00405abc       0x14 c:/program files (x86)/atmel/studio/7.0/toolchain/arm/arm-gnu-toolchain/bin/../lib/gcc/arm-none-eabi/6.3.1/../../../../arm-none-eabi/lib/thumb/v7e-m\libc.a(lib_a-mprec.o)
                0x00405abc                __i2b
 .text.__multiply
                0x00405ad0      0x124 c:/program files (x86)/atmel/studio/7.0/toolchain/arm/arm-gnu-toolchain/bin/../lib/gcc/arm-none-eabi/6.3.1/../../../../arm-none-eabi/lib/thumb/v7e-m\libc.a(lib_a-mprec.o)
                0x00405ad0                __multiply
 .text.__pow5mult
                0x00405bf4       0xa0 c:/program files (x86)/atmel/studio/7.0/toolchain/arm/arm-gnu-toolchain/bin/../lib/gcc/arm-none-eabi/6.3.1/../../../../arm-none-eabi/lib/thumb/v7e-m\libc.a(lib_a-mprec.o)
                0x00405bf4                __pow5mult
 .text.__lshift
                0x00405c94       0xa4 c:/program files (x86)/atmel/studio/7.0/toolchain/arm/arm-gnu-toolchain/bin/../lib/gcc/arm-none-eabi/6.3.1/../../../../arm-none-eabi/lib/thumb/v7e-m\libc.a(lib_a-mprec.o)
                0x00405c94                __lshift
 .text.__mcmp   0x00405d38       0x38 c:/program files (x86)/atmel/studio/7.0/toolchain/arm/arm-gnu-toolchain/bin/../lib/gcc/arm-none-eabi/6.3.1/../../../../arm-none-eabi/lib/thumb/v7e-m\libc.a(lib_a-mprec.o)
                0x00405d38                __mcmp
 .text.__mdiff  0x00405d70      0x108 c:/program files (x86)/atmel/studio/7.0/toolchain/arm/arm-gnu-toolchain/bin/../lib/gcc/arm-none-eabi/6.3.1/../../../../arm-none-eabi/lib/thumb/v7e-m\libc.a(lib_a-mprec.o)
                0x00405d70                __mdiff
 .text.__d2b    0x00405e78       0xb8 c:/program files (x86)/atmel/studio/7.0/toolchain/arm/arm-gnu-toolchain/bin/../lib/gcc/arm-none-eabi/6.3.1/../../../../arm-none-eabi/lib/thumb/v7e-m\libc.a(lib_a-mprec.o)
                0x00405e78                __d2b
 .text._sbrk_r  0x00405f30       0x24 c:/program files (x86)/atmel/studio/7.0/toolchain/arm/arm-gnu-toolchain/bin/../lib/gcc/arm-none-eabi/6.3.1/../../../../arm-none-eabi/lib/thumb/v7e-m\libc.a(lib_a-sbrkr.o)
                0x00405f30                _sbrk_r
 .text.strchr   0x00405f54       0xe8 c:/program files (x86)/atmel/studio/7.0/toolchain/arm/arm-gnu-toolchain/bin/../lib/gcc/arm-none-eabi/6.3.1/../../../../arm-none-eabi/lib/thumb/v7e-m\libc.a(lib_a-strchr.o)
                0x00405f54                strchr
 *fill*         0x0040603c        0x4 
 .text          0x00406040       0xdc c:/program files (x86)/atmel/studio/7.0/toolchain/arm/arm-gnu-toolchain/bin/../lib/gcc/arm-none-eabi/6.3.1/../../../../arm-none-eabi/lib/thumb/v7e-m\libc.a(lib_a-strlen.o)
                0x00406040                strlen
 .text.__ssprint_r
                0x0040611c       0xfc c:/program files (x86)/atmel/studio/7.0/toolchain/arm/arm-gnu-toolchain/bin/../lib/gcc/arm-none-eabi/6.3.1/../../../../arm-none-eabi/lib/thumb/v7e-m\libc.a(lib_a-svfiprintf.o)
                0x0040611c                __ssprint_r
 .text.__register_exitproc
                0x00406218       0xc4 c:/program files (x86)/atmel/studio/7.0/toolchain/arm/arm-gnu-toolchain/bin/../lib/gcc/arm-none-eabi/6.3.1/../../../../arm-none-eabi/lib/thumb/v7e-m\libc.a(lib_a-__atexit.o)
                0x00406218                __register_exitproc
 .text._calloc_r
                0x004062dc       0x60 c:/program files (x86)/atmel/studio/7.0/toolchain/arm/arm-gnu-toolchain/bin/../lib/gcc/arm-none-eabi/6.3.1/../../../../arm-none-eabi/lib/thumb/v7e-m\libc.a(lib_a-callocr.o)
                0x004062dc                _calloc_r
 .text._malloc_trim_r
                0x0040633c       0xa0 c:/program files (x86)/atmel/studio/7.0/toolchain/arm/arm-gnu-toolchain/bin/../lib/gcc/arm-none-eabi/6.3.1/../../../../arm-none-eabi/lib/thumb/v7e-m\libc.a(lib_a-freer.o)
                0x0040633c                _malloc_trim_r
 .text._free_r  0x004063dc      0x1cc c:/program files (x86)/atmel/studio/7.0/toolchain/arm/arm-gnu-toolchain/bin/../lib/gcc/arm-none-eabi/6.3.1/../../../../arm-none-eabi/lib/thumb/v7e-m\libc.a(lib_a-freer.o)
                0x004063dc                _free_r
 .text.__ascii_mbtowc
                0x004065a8       0x2c c:/program files (x86)/atmel/studio/7.0/toolchain/arm/arm-gnu-toolchain/bin/../lib/gcc/arm-none-eabi/6.3.1/../../../../arm-none-eabi/lib/thumb/v7e-m\libc.a(lib_a-mbtowc_r.o)
                0x004065a8                __ascii_mbtowc
 .text.memmove  0x004065d4       0xc8 c:/program files (x86)/atmel/studio/7.0/toolchain/arm/arm-gnu-toolchain/bin/../lib/gcc/arm-none-eabi/6.3.1/../../../../arm-none-eabi/lib/thumb/v7e-m\libc.a(lib_a-memmove.o)
                0x004065d4                memmove
 .text._realloc_r
                0x0040669c      0x34c c:/program files (x86)/atmel/studio/7.0/toolchain/arm/arm-gnu-toolchain/bin/../lib/gcc/arm-none-eabi/6.3.1/../../../../arm-none-eabi/lib/thumb/v7e-m\libc.a(lib_a-reallocr.o)
                0x0040669c                _realloc_r
 .text.__ascii_wctomb
                0x004069e8       0x1c c:/program files (x86)/atmel/studio/7.0/toolchain/arm/arm-gnu-toolchain/bin/../lib/gcc/arm-none-eabi/6.3.1/../../../../arm-none-eabi/lib/thumb/v7e-m\libc.a(lib_a-wctomb_r.o)
                0x004069e8                __ascii_wctomb
 .text          0x00406a04      0x370 c:/program files (x86)/atmel/studio/7.0/toolchain/arm/arm-gnu-toolchain/bin/../lib/gcc/arm-none-eabi/6.3.1/thumb/v7e-m\libgcc.a(_arm_addsubdf3.o)
                0x00406a04                __aeabi_drsub
                0x00406a0c                __aeabi_dsub
                0x00406a0c                __subdf3
                0x00406a10                __aeabi_dadd
                0x00406a10                __adddf3
                0x00406c88                __floatunsidf
                0x00406c88                __aeabi_ui2d
                0x00406ca8                __floatsidf
                0x00406ca8                __aeabi_i2d
                0x00406ccc                __aeabi_f2d
                0x00406ccc                __extendsfdf2
                0x00406d08                __floatundidf
                0x00406d08                __aeabi_ul2d
                0x00406d18                __floatdidf
                0x00406d18                __aeabi_l2d
 .text          0x00406d74      0x424 c:/program files (x86)/atmel/studio/7.0/toolchain/arm/arm-gnu-toolchain/bin/../lib/gcc/arm-none-eabi/6.3.1/thumb/v7e-m\libgcc.a(_arm_muldivdf3.o)
                0x00406d74                __aeabi_dmul
                0x00406d74                __muldf3
                0x00406fc8                __divdf3
                0x00406fc8                __aeabi_ddiv
 .text          0x00407198      0x110 c:/program files (x86)/atmel/studio/7.0/toolchain/arm/arm-gnu-toolchain/bin/../lib/gcc/arm-none-eabi/6.3.1/thumb/v7e-m\libgcc.a(_arm_cmpdf2.o)
                0x00407198                __gtdf2
                0x00407198                __gedf2
                0x004071a0                __ltdf2
                0x004071a0                __ledf2
                0x004071a8                __nedf2
                0x004071a8                __eqdf2
                0x004071a8                __cmpdf2
                0x00407224                __aeabi_cdrcmple
                0x00407234                __aeabi_cdcmpeq
                0x00407234                __aeabi_cdcmple
                0x00407244                __aeabi_dcmpeq
                0x00407258                __aeabi_dcmplt
                0x0040726c                __aeabi_dcmple
                0x00407280                __aeabi_dcmpge
                0x00407294                __aeabi_dcmpgt
 .text          0x004072a8       0x2c c:/program files (x86)/atmel/studio/7.0/toolchain/arm/arm-gnu-toolchain/bin/../lib/gcc/arm-none-eabi/6.3.1/thumb/v7e-m\libgcc.a(_arm_unorddf2.o)
                0x004072a8                __unorddf2
                0x004072a8                __aeabi_dcmpun
 .text          0x004072d4       0x50 c:/program files (x86)/atmel/studio/7.0/toolchain/arm/arm-gnu-toolchain/bin/../lib/gcc/arm-none-eabi/6.3.1/thumb/v7e-m\libgcc.a(_arm_fixdfsi.o)
                0x004072d4                __aeabi_d2iz
                0x004072d4                __fixdfsi
 *(.glue_7t)
 .glue_7t       0x00407324        0x0 linker stubs
 *(.glue_7)
 .glue_7        0x00407324        0x0 linker stubs
 *(.rodata .rodata* .gnu.linkonce.r.*)
 .rodata        0x00407324        0x8 src/ProgrammerInterface.o
 .rodata        0x0040732c      0x19f src/wifi.o
 *fill*         0x004074cb        0x1 
 .rodata._global_impure_ptr
                0x004074cc        0x4 c:/program files (x86)/atmel/studio/7.0/toolchain/arm/arm-gnu-toolchain/bin/../lib/gcc/arm-none-eabi/6.3.1/../../../../arm-none-eabi/lib/thumb/v7e-m\libc.a(lib_a-impure.o)
                0x004074cc                _global_impure_ptr
 .rodata._svfprintf_r.str1.4
                0x004074d0       0x42 c:/program files (x86)/atmel/studio/7.0/toolchain/arm/arm-gnu-toolchain/bin/../lib/gcc/arm-none-eabi/6.3.1/../../../../arm-none-eabi/lib/thumb/v7e-m\libc.a(lib_a-svfprintf.o)
 *fill*         0x00407512        0x2 
 .rodata.blanks.7223
                0x00407514       0x10 c:/program files (x86)/atmel/studio/7.0/toolchain/arm/arm-gnu-toolchain/bin/../lib/gcc/arm-none-eabi/6.3.1/../../../../arm-none-eabi/lib/thumb/v7e-m\libc.a(lib_a-svfprintf.o)
 .rodata.zeroes.7224
                0x00407524       0x10 c:/program files (x86)/atmel/studio/7.0/toolchain/arm/arm-gnu-toolchain/bin/../lib/gcc/arm-none-eabi/6.3.1/../../../../arm-none-eabi/lib/thumb/v7e-m\libc.a(lib_a-svfprintf.o)
 .rodata._dtoa_r.str1.4
                0x00407534       0x10 c:/program files (x86)/atmel/studio/7.0/toolchain/arm/arm-gnu-toolchain/bin/../lib/gcc/arm-none-eabi/6.3.1/../../../../arm-none-eabi/lib/thumb/v7e-m\libc.a(lib_a-dtoa.o)
                                 0x12 (size before relaxing)
 *fill*         0x00407544        0x4 
 .rodata.__mprec_bigtens
                0x00407548       0x28 c:/program files (x86)/atmel/studio/7.0/toolchain/arm/arm-gnu-toolchain/bin/../lib/gcc/arm-none-eabi/6.3.1/../../../../arm-none-eabi/lib/thumb/v7e-m\libc.a(lib_a-mprec.o)
                0x00407548                __mprec_bigtens
 .rodata.__mprec_tens
                0x00407570       0xc8 c:/program files (x86)/atmel/studio/7.0/toolchain/arm/arm-gnu-toolchain/bin/../lib/gcc/arm-none-eabi/6.3.1/../../../../arm-none-eabi/lib/thumb/v7e-m\libc.a(lib_a-mprec.o)
                0x00407570                __mprec_tens
 .rodata.p05.6055
                0x00407638        0xc c:/program files (x86)/atmel/studio/7.0/toolchain/arm/arm-gnu-toolchain/bin/../lib/gcc/arm-none-eabi/6.3.1/../../../../arm-none-eabi/lib/thumb/v7e-m\libc.a(lib_a-mprec.o)
 .rodata._setlocale_r.str1.4
                0x00407644        0xa c:/program files (x86)/atmel/studio/7.0/toolchain/arm/arm-gnu-toolchain/bin/../lib/gcc/arm-none-eabi/6.3.1/../../../../arm-none-eabi/lib/thumb/v7e-m\libc.a(lib_a-locale.o)
                                  0xd (size before relaxing)
 *fill*         0x0040764e        0x2 
 .rodata.str1.4
                0x00407650        0x4 c:/program files (x86)/atmel/studio/7.0/toolchain/arm/arm-gnu-toolchain/bin/../lib/gcc/arm-none-eabi/6.3.1/../../../../arm-none-eabi/lib/thumb/v7e-m\libc.a(lib_a-locale.o)
                                  0x2 (size before relaxing)
 .rodata._ctype_
                0x00407654      0x101 c:/program files (x86)/atmel/studio/7.0/toolchain/arm/arm-gnu-toolchain/bin/../lib/gcc/arm-none-eabi/6.3.1/../../../../arm-none-eabi/lib/thumb/v7e-m\libc.a(lib_a-ctype_.o)
                0x00407654                _ctype_
 *(.ARM.extab* .gnu.linkonce.armextab.*)
                0x00407758                . = ALIGN (0x4)
 *fill*         0x00407755        0x3 
 *(.init)
 .init          0x00407758        0x4 c:/program files (x86)/atmel/studio/7.0/toolchain/arm/arm-gnu-toolchain/bin/../lib/gcc/arm-none-eabi/6.3.1/thumb/v7e-m/crti.o
                0x00407758                _init
 .init          0x0040775c        0x8 c:/program files (x86)/atmel/studio/7.0/toolchain/arm/arm-gnu-toolchain/bin/../lib/gcc/arm-none-eabi/6.3.1/thumb/v7e-m/crtn.o
                0x00407764                . = ALIGN (0x4)
                0x00407764                __preinit_array_start = .
 *(.preinit_array)
                0x00407764                __preinit_array_end = .
                0x00407764                . = ALIGN (0x4)
                0x00407764                __init_array_start = .
 *(SORT(.init_array.*))
 .init_array.00000
                0x00407764        0x4 c:/program files (x86)/atmel/studio/7.0/toolchain/arm/arm-gnu-toolchain/bin/../lib/gcc/arm-none-eabi/6.3.1/../../../../arm-none-eabi/lib/thumb/v7e-m\libc.a(lib_a-__call_atexit.o)
 *(.init_array)
 .init_array    0x00407768        0x4 c:/program files (x86)/atmel/studio/7.0/toolchain/arm/arm-gnu-toolchain/bin/../lib/gcc/arm-none-eabi/6.3.1/thumb/v7e-m/crtbegin.o
                0x0040776c                __init_array_end = .
                0x0040776c                . = ALIGN (0x4)
 *crtbegin.o(.ctors)
 *(EXCLUDE_FILE(*crtend.o) .ctors)
 *(SORT(.ctors.*))
 *crtend.o(.ctors)
                0x0040776c                . = ALIGN (0x4)
 *(.fini)
 .fini          0x0040776c        0x4 c:/program files (x86)/atmel/studio/7.0/toolchain/arm/arm-gnu-toolchain/bin/../lib/gcc/arm-none-eabi/6.3.1/thumb/v7e-m/crti.o
                0x0040776c                _fini
 .fini          0x00407770        0x8 c:/program files (x86)/atmel/studio/7.0/toolchain/arm/arm-gnu-toolchain/bin/../lib/gcc/arm-none-eabi/6.3.1/thumb/v7e-m/crtn.o
                0x00407778                . = ALIGN (0x4)
                0x00407778                __fini_array_start = .
 *(.fini_array)
 .fini_array    0x00407778        0x4 c:/program files (x86)/atmel/studio/7.0/toolchain/arm/arm-gnu-toolchain/bin/../lib/gcc/arm-none-eabi/6.3.1/thumb/v7e-m/crtbegin.o
 *(SORT(.fini_array.*))
                0x0040777c                __fini_array_end = .
 *crtbegin.o(.dtors)
 *(EXCLUDE_FILE(*crtend.o) .dtors)
 *(SORT(.dtors.*))
 *crtend.o(.dtors)
                0x0040777c                . = ALIGN (0x4)
                0x0040777c                _efixed = .
                [!provide]                PROVIDE (__exidx_start, .)

.vfp11_veneer   0x0040777c        0x0
 .vfp11_veneer  0x0040777c        0x0 linker stubs

.v4_bx          0x0040777c        0x0
 .v4_bx         0x0040777c        0x0 linker stubs

.iplt           0x0040777c        0x0
 .iplt          0x0040777c        0x0 c:/program files (x86)/atmel/studio/7.0/toolchain/arm/arm-gnu-toolchain/bin/../lib/gcc/arm-none-eabi/6.3.1/thumb/v7e-m/crtbegin.o

.ARM.exidx      0x0040777c        0x8
 *(.ARM.exidx* .gnu.linkonce.armexidx.*)
 .ARM.exidx     0x0040777c        0x8 c:/program files (x86)/atmel/studio/7.0/toolchain/arm/arm-gnu-toolchain/bin/../lib/gcc/arm-none-eabi/6.3.1/thumb/v7e-m\libgcc.a(_udivmoddi4.o)
                [!provide]                PROVIDE (__exidx_end, .)

.eh_frame       0x00407784        0x0
 .eh_frame      0x00407784        0x0 c:/program files (x86)/atmel/studio/7.0/toolchain/arm/arm-gnu-toolchain/bin/../lib/gcc/arm-none-eabi/6.3.1/thumb/v7e-m/crtbegin.o

.rel.dyn        0x00407784        0x0
 .rel.iplt      0x00407784        0x0 c:/program files (x86)/atmel/studio/7.0/toolchain/arm/arm-gnu-toolchain/bin/../lib/gcc/arm-none-eabi/6.3.1/thumb/v7e-m/crtbegin.o

.jcr            0x00407784        0x0
 .jcr           0x00407784        0x0 c:/program files (x86)/atmel/studio/7.0/toolchain/arm/arm-gnu-toolchain/bin/../lib/gcc/arm-none-eabi/6.3.1/thumb/v7e-m/crtbegin.o

.igot.plt       0x00407784        0x0
 .igot.plt      0x00407784        0x0 c:/program files (x86)/atmel/studio/7.0/toolchain/arm/arm-gnu-toolchain/bin/../lib/gcc/arm-none-eabi/6.3.1/thumb/v7e-m/crtbegin.o
                0x00407784                . = ALIGN (0x4)
                0x00407784                _etext = .

.relocate       0x20000000     0x6b68 load address 0x00407784
                0x20000000                . = ALIGN (0x4)
                0x20000000                _srelocate = .
 *(.ramfunc .ramfunc.*)
 .ramfunc       0x20000000        0xa src/ASF/common/services/delay/sam/cycle_counter.o
                0x20000000                portable_delay_cycles
 *(.data .data.*)
 *fill*         0x2000000a        0x2 
 .data.buffer_program
                0x2000000c     0x61a8 src/ProgrammerInterface.o
                0x2000000c                buffer_program
 .data.SystemCoreClock
                0x200061b4        0x4 src/ASF/sam/utils/cmsis/sam4s/source/templates/system_sam4s.o
                0x200061b4                SystemCoreClock
 .data._impure_ptr
                0x200061b8        0x4 c:/program files (x86)/atmel/studio/7.0/toolchain/arm/arm-gnu-toolchain/bin/../lib/gcc/arm-none-eabi/6.3.1/../../../../arm-none-eabi/lib/thumb/v7e-m\libc.a(lib_a-impure.o)
                0x200061b8                _impure_ptr
 *fill*         0x200061bc        0x4 
 .data.impure_data
                0x200061c0      0x428 c:/program files (x86)/atmel/studio/7.0/toolchain/arm/arm-gnu-toolchain/bin/../lib/gcc/arm-none-eabi/6.3.1/../../../../arm-none-eabi/lib/thumb/v7e-m\libc.a(lib_a-impure.o)
 .data.__atexit_recursive_mutex
                0x200065e8        0x4 c:/program files (x86)/atmel/studio/7.0/toolchain/arm/arm-gnu-toolchain/bin/../lib/gcc/arm-none-eabi/6.3.1/../../../../arm-none-eabi/lib/thumb/v7e-m\libc.a(lib_a-__call_atexit.o)
                0x200065e8                __atexit_recursive_mutex
 .data.__malloc_av_
                0x200065ec      0x408 c:/program files (x86)/atmel/studio/7.0/toolchain/arm/arm-gnu-toolchain/bin/../lib/gcc/arm-none-eabi/6.3.1/../../../../arm-none-eabi/lib/thumb/v7e-m\libc.a(lib_a-mallocr.o)
                0x200065ec                __malloc_av_
 .data.__malloc_sbrk_base
                0x200069f4        0x4 c:/program files (x86)/atmel/studio/7.0/toolchain/arm/arm-gnu-toolchain/bin/../lib/gcc/arm-none-eabi/6.3.1/../../../../arm-none-eabi/lib/thumb/v7e-m\libc.a(lib_a-mallocr.o)
                0x200069f4                __malloc_sbrk_base
 .data.__malloc_trim_threshold
                0x200069f8        0x4 c:/program files (x86)/atmel/studio/7.0/toolchain/arm/arm-gnu-toolchain/bin/../lib/gcc/arm-none-eabi/6.3.1/../../../../arm-none-eabi/lib/thumb/v7e-m\libc.a(lib_a-mallocr.o)
                0x200069f8                __malloc_trim_threshold
 .data.__global_locale
                0x200069fc      0x16c c:/program files (x86)/atmel/studio/7.0/toolchain/arm/arm-gnu-toolchain/bin/../lib/gcc/arm-none-eabi/6.3.1/../../../../arm-none-eabi/lib/thumb/v7e-m\libc.a(lib_a-locale.o)
                0x200069fc                __global_locale
                0x20006b68                . = ALIGN (0x4)
                0x20006b68                _erelocate = .

.bss            0x20006b68      0x538 load address 0x0040e2ec
                0x20006b68                . = ALIGN (0x4)
                0x20006b68                _sbss = .
                0x20006b68                _szero = .
 *(.bss .bss.*)
 .bss           0x20006b68       0x1c c:/program files (x86)/atmel/studio/7.0/toolchain/arm/arm-gnu-toolchain/bin/../lib/gcc/arm-none-eabi/6.3.1/thumb/v7e-m/crtbegin.o
 .bss.gs_interrupt_sources
                0x20006b84       0x70 src/ASF/sam/drivers/pio/pio_handler.o
 .bss.gs_ul_nb_sources
                0x20006bf4        0x4 src/ASF/sam/drivers/pio/pio_handler.o
 .bss.pio_capture_handler
                0x20006bf8        0x4 src/ASF/sam/drivers/pio/pio_handler.o
 .bss.ul_reg_val.7462
                0x20006bfc        0x4 src/ASF/sam/drivers/usart/usart.o
 .bss.received_byte_wifi
                0x20006c00        0x4 src/wifi.o
                0x20006c00                received_byte_wifi
 .bss.new_rx_wifi
                0x20006c04        0x1 src/wifi.o
                0x20006c04                new_rx_wifi
 *fill*         0x20006c05        0x3 
 .bss.input_pos_wifi
                0x20006c08        0x4 src/wifi.o
                0x20006c08                input_pos_wifi
 .bss.counts    0x20006c0c        0x1 src/wifi.o
                0x20006c0c                counts
 .bss.wifi_setup_flag
                0x20006c0d        0x1 src/wifi.o
                0x20006c0d                wifi_setup_flag
 *fill*         0x20006c0e        0x2 
 .bss.receivedMessage
                0x20006c10        0x4 src/wifi.o
                0x20006c10                receivedMessage
 .bss.ul_sysclk.8612
                0x20006c14        0x4 src/wifi.o
 .bss.heap.5297
                0x20006c18        0x4 src/ASF/sam/utils/syscalls/gcc/syscalls.o
 .bss.__malloc_current_mallinfo
                0x20006c1c       0x28 c:/program files (x86)/atmel/studio/7.0/toolchain/arm/arm-gnu-toolchain/bin/../lib/gcc/arm-none-eabi/6.3.1/../../../../arm-none-eabi/lib/thumb/v7e-m\libc.a(lib_a-mallocr.o)
                0x20006c1c                __malloc_current_mallinfo
 .bss.__malloc_max_sbrked_mem
                0x20006c44        0x4 c:/program files (x86)/atmel/studio/7.0/toolchain/arm/arm-gnu-toolchain/bin/../lib/gcc/arm-none-eabi/6.3.1/../../../../arm-none-eabi/lib/thumb/v7e-m\libc.a(lib_a-mallocr.o)
                0x20006c44                __malloc_max_sbrked_mem
 .bss.__malloc_max_total_mem
                0x20006c48        0x4 c:/program files (x86)/atmel/studio/7.0/toolchain/arm/arm-gnu-toolchain/bin/../lib/gcc/arm-none-eabi/6.3.1/../../../../arm-none-eabi/lib/thumb/v7e-m\libc.a(lib_a-mallocr.o)
                0x20006c48                __malloc_max_total_mem
 .bss.__malloc_top_pad
                0x20006c4c        0x4 c:/program files (x86)/atmel/studio/7.0/toolchain/arm/arm-gnu-toolchain/bin/../lib/gcc/arm-none-eabi/6.3.1/../../../../arm-none-eabi/lib/thumb/v7e-m\libc.a(lib_a-mallocr.o)
                0x20006c4c                __malloc_top_pad
 *(COMMON)
 COMMON         0x20006c50      0x424 src/wifi.o
                0x20006c50                rawRecievedMessage
                0x20006c84                linesInHexFile
                0x20006c88                buffer_wifi
                0x20007070                uintreceivedMessage
 COMMON         0x20007074        0x4 src/ASF/sam/drivers/pio/pio.o
                0x20007074                pio_capture_enable_flag
 COMMON         0x20007078       0x21 c:/program files (x86)/atmel/studio/7.0/toolchain/arm/arm-gnu-toolchain/bin/../lib/gcc/arm-none-eabi/6.3.1/../../../../arm-none-eabi/lib/thumb/v7e-m\libc.a(lib_a-lock.o)
                0x20007078                __lock___atexit_recursive_mutex
                0x2000707c                __lock___arc4random_mutex
                0x20007080                __lock___env_recursive_mutex
                0x20007084                __lock___sinit_recursive_mutex
                0x20007088                __lock___malloc_recursive_mutex
                0x2000708c                __lock___at_quick_exit_mutex
                0x20007090                __lock___dd_hash_mutex
                0x20007094                __lock___tz_mutex
                0x20007098                __lock___sfp_recursive_mutex
 *fill*         0x20007099        0x3 
 COMMON         0x2000709c        0x4 c:/program files (x86)/atmel/studio/7.0/toolchain/arm/arm-gnu-toolchain/bin/../lib/gcc/arm-none-eabi/6.3.1/../../../../arm-none-eabi/lib/thumb/v7e-m\libc.a(lib_a-reent.o)
                0x2000709c                errno
                0x200070a0                . = ALIGN (0x4)
                0x200070a0                _ebss = .
                0x200070a0                _ezero = .

.stack          0x200070a0     0x3000 load address 0x0040e824
                0x200070a0                . = ALIGN (0x8)
                0x200070a0                _sstack = .
                0x2000a0a0                . = (. + __stack_size__)
 *fill*         0x200070a0     0x3000 
                0x2000a0a0                . = ALIGN (0x8)
                0x2000a0a0                _estack = .
                0x2000a0a0                . = ALIGN (0x4)
                0x2000a0a0                _end = .
OUTPUT(NetworkedProgrammer.elf elf32-littlearm)

.ARM.attributes
                0x00000000       0x2a
 .ARM.attributes
                0x00000000       0x1e c:/program files (x86)/atmel/studio/7.0/toolchain/arm/arm-gnu-toolchain/bin/../lib/gcc/arm-none-eabi/6.3.1/thumb/v7e-m/crti.o
 .ARM.attributes
                0x0000001e       0x2e c:/program files (x86)/atmel/studio/7.0/toolchain/arm/arm-gnu-toolchain/bin/../lib/gcc/arm-none-eabi/6.3.1/thumb/v7e-m/crtbegin.o
 .ARM.attributes
                0x0000004c       0x33 src/ASF/sam/drivers/pio/pio_handler.o
 .ARM.attributes
                0x0000007f       0x33 src/ASF/sam/drivers/usart/usart.o
 .ARM.attributes
                0x000000b2       0x33 src/ASF/sam/drivers/wdt/wdt.o
 .ARM.attributes
                0x000000e5       0x33 src/ProgrammerInterface.o
 .ARM.attributes
                0x00000118       0x33 src/timer_interface.o
 .ARM.attributes
                0x0000014b       0x33 src/wifi.o
 .ARM.attributes
                0x0000017e       0x33 src/ASF/common/services/delay/sam/cycle_counter.o
 .ARM.attributes
                0x000001b1       0x33 src/ASF/common/services/clock/sam4s/sysclk.o
 .ARM.attributes
                0x000001e4       0x33 src/ASF/sam/drivers/pio/pio.o
 .ARM.attributes
                0x00000217       0x33 src/ASF/sam/drivers/pmc/pmc.o
 .ARM.attributes
                0x0000024a       0x33 src/ASF/sam/drivers/tc/tc.o
 .ARM.attributes
                0x0000027d       0x33 src/ASF/common/boards/user_board/init.o
 .ARM.attributes
                0x000002b0       0x33 src/ASF/sam/utils/cmsis/sam4s/source/templates/gcc/startup_sam4s.o
 .ARM.attributes
                0x000002e3       0x33 src/ASF/sam/utils/cmsis/sam4s/source/templates/system_sam4s.o
 .ARM.attributes
                0x00000316       0x33 src/ASF/sam/utils/syscalls/gcc/syscalls.o
 .ARM.attributes
                0x00000349       0x33 src/main.o
 .ARM.attributes
                0x0000037c       0x1e c:/program files (x86)/atmel/studio/7.0/toolchain/arm/arm-gnu-toolchain/bin/../lib/gcc/arm-none-eabi/6.3.1/thumb/v7e-m\libgcc.a(_aeabi_uldivmod.o)
 .ARM.attributes
                0x0000039a       0x2e c:/program files (x86)/atmel/studio/7.0/toolchain/arm/arm-gnu-toolchain/bin/../lib/gcc/arm-none-eabi/6.3.1/thumb/v7e-m\libgcc.a(_udivmoddi4.o)
 .ARM.attributes
                0x000003c8       0x1e c:/program files (x86)/atmel/studio/7.0/toolchain/arm/arm-gnu-toolchain/bin/../lib/gcc/arm-none-eabi/6.3.1/thumb/v7e-m\libgcc.a(_dvmd_tls.o)
 .ARM.attributes
                0x000003e6       0x2e c:/program files (x86)/atmel/studio/7.0/toolchain/arm/arm-gnu-toolchain/bin/../lib/gcc/arm-none-eabi/6.3.1/../../../../arm-none-eabi/lib/thumb/v7e-m\libc.a(lib_a-impure.o)
 .ARM.attributes
                0x00000414       0x2e c:/program files (x86)/atmel/studio/7.0/toolchain/arm/arm-gnu-toolchain/bin/../lib/gcc/arm-none-eabi/6.3.1/../../../../arm-none-eabi/lib/thumb/v7e-m\libc.a(lib_a-init.o)
 .ARM.attributes
                0x00000442       0x2e c:/program files (x86)/atmel/studio/7.0/toolchain/arm/arm-gnu-toolchain/bin/../lib/gcc/arm-none-eabi/6.3.1/../../../../arm-none-eabi/lib/thumb/v7e-m\libc.a(lib_a-memset.o)
 .ARM.attributes
                0x00000470       0x2e c:/program files (x86)/atmel/studio/7.0/toolchain/arm/arm-gnu-toolchain/bin/../lib/gcc/arm-none-eabi/6.3.1/../../../../arm-none-eabi/lib/thumb/v7e-m\libc.a(lib_a-sprintf.o)
 .ARM.attributes
                0x0000049e       0x2e c:/program files (x86)/atmel/studio/7.0/toolchain/arm/arm-gnu-toolchain/bin/../lib/gcc/arm-none-eabi/6.3.1/../../../../arm-none-eabi/lib/thumb/v7e-m\libc.a(lib_a-strcpy.o)
 .ARM.attributes
                0x000004cc       0x2e c:/program files (x86)/atmel/studio/7.0/toolchain/arm/arm-gnu-toolchain/bin/../lib/gcc/arm-none-eabi/6.3.1/../../../../arm-none-eabi/lib/thumb/v7e-m\libc.a(lib_a-strstr.o)
 .ARM.attributes
                0x000004fa       0x2e c:/program files (x86)/atmel/studio/7.0/toolchain/arm/arm-gnu-toolchain/bin/../lib/gcc/arm-none-eabi/6.3.1/../../../../arm-none-eabi/lib/thumb/v7e-m\libc.a(lib_a-svfprintf.o)
 .ARM.attributes
                0x00000528       0x2e c:/program files (x86)/atmel/studio/7.0/toolchain/arm/arm-gnu-toolchain/bin/../lib/gcc/arm-none-eabi/6.3.1/../../../../arm-none-eabi/lib/thumb/v7e-m\libc.a(lib_a-__call_atexit.o)
 .ARM.attributes
                0x00000556       0x2e c:/program files (x86)/atmel/studio/7.0/toolchain/arm/arm-gnu-toolchain/bin/../lib/gcc/arm-none-eabi/6.3.1/../../../../arm-none-eabi/lib/thumb/v7e-m\libc.a(lib_a-atexit.o)
 .ARM.attributes
                0x00000584       0x2e c:/program files (x86)/atmel/studio/7.0/toolchain/arm/arm-gnu-toolchain/bin/../lib/gcc/arm-none-eabi/6.3.1/../../../../arm-none-eabi/lib/thumb/v7e-m\libc.a(lib_a-dtoa.o)
 .ARM.attributes
                0x000005b2       0x2e c:/program files (x86)/atmel/studio/7.0/toolchain/arm/arm-gnu-toolchain/bin/../lib/gcc/arm-none-eabi/6.3.1/../../../../arm-none-eabi/lib/thumb/v7e-m\libc.a(lib_a-fini.o)
 .ARM.attributes
                0x000005e0       0x2e c:/program files (x86)/atmel/studio/7.0/toolchain/arm/arm-gnu-toolchain/bin/../lib/gcc/arm-none-eabi/6.3.1/../../../../arm-none-eabi/lib/thumb/v7e-m\libc.a(lib_a-localeconv.o)
 .ARM.attributes
                0x0000060e       0x2e c:/program files (x86)/atmel/studio/7.0/toolchain/arm/arm-gnu-toolchain/bin/../lib/gcc/arm-none-eabi/6.3.1/../../../../arm-none-eabi/lib/thumb/v7e-m\libc.a(lib_a-lock.o)
 .ARM.attributes
                0x0000063c       0x2e c:/program files (x86)/atmel/studio/7.0/toolchain/arm/arm-gnu-toolchain/bin/../lib/gcc/arm-none-eabi/6.3.1/../../../../arm-none-eabi/lib/thumb/v7e-m\libc.a(lib_a-mallocr.o)
 .ARM.attributes
                0x0000066a       0x1c c:/program files (x86)/atmel/studio/7.0/toolchain/arm/arm-gnu-toolchain/bin/../lib/gcc/arm-none-eabi/6.3.1/../../../../arm-none-eabi/lib/thumb/v7e-m\libc.a(lib_a-memchr.o)
 .ARM.attributes
                0x00000686       0x2e c:/program files (x86)/atmel/studio/7.0/toolchain/arm/arm-gnu-toolchain/bin/../lib/gcc/arm-none-eabi/6.3.1/../../../../arm-none-eabi/lib/thumb/v7e-m\libc.a(lib_a-memcmp.o)
 .ARM.attributes
                0x000006b4       0x1c c:/program files (x86)/atmel/studio/7.0/toolchain/arm/arm-gnu-toolchain/bin/../lib/gcc/arm-none-eabi/6.3.1/../../../../arm-none-eabi/lib/thumb/v7e-m\libc.a(lib_a-memcpy.o)
 .ARM.attributes
                0x000006d0       0x2e c:/program files (x86)/atmel/studio/7.0/toolchain/arm/arm-gnu-toolchain/bin/../lib/gcc/arm-none-eabi/6.3.1/../../../../arm-none-eabi/lib/thumb/v7e-m\libc.a(lib_a-mlock.o)
 .ARM.attributes
                0x000006fe       0x2e c:/program files (x86)/atmel/studio/7.0/toolchain/arm/arm-gnu-toolchain/bin/../lib/gcc/arm-none-eabi/6.3.1/../../../../arm-none-eabi/lib/thumb/v7e-m\libc.a(lib_a-mprec.o)
 .ARM.attributes
                0x0000072c       0x2e c:/program files (x86)/atmel/studio/7.0/toolchain/arm/arm-gnu-toolchain/bin/../lib/gcc/arm-none-eabi/6.3.1/../../../../arm-none-eabi/lib/thumb/v7e-m\libc.a(lib_a-sbrkr.o)
 .ARM.attributes
                0x0000075a       0x2e c:/program files (x86)/atmel/studio/7.0/toolchain/arm/arm-gnu-toolchain/bin/../lib/gcc/arm-none-eabi/6.3.1/../../../../arm-none-eabi/lib/thumb/v7e-m\libc.a(lib_a-strchr.o)
 .ARM.attributes
                0x00000788       0x1c c:/program files (x86)/atmel/studio/7.0/toolchain/arm/arm-gnu-toolchain/bin/../lib/gcc/arm-none-eabi/6.3.1/../../../../arm-none-eabi/lib/thumb/v7e-m\libc.a(lib_a-strlen.o)
 .ARM.attributes
                0x000007a4       0x2e c:/program files (x86)/atmel/studio/7.0/toolchain/arm/arm-gnu-toolchain/bin/../lib/gcc/arm-none-eabi/6.3.1/../../../../arm-none-eabi/lib/thumb/v7e-m\libc.a(lib_a-svfiprintf.o)
 .ARM.attributes
                0x000007d2       0x2e c:/program files (x86)/atmel/studio/7.0/toolchain/arm/arm-gnu-toolchain/bin/../lib/gcc/arm-none-eabi/6.3.1/../../../../arm-none-eabi/lib/thumb/v7e-m\libc.a(lib_a-__atexit.o)
 .ARM.attributes
                0x00000800       0x2e c:/program files (x86)/atmel/studio/7.0/toolchain/arm/arm-gnu-toolchain/bin/../lib/gcc/arm-none-eabi/6.3.1/../../../../arm-none-eabi/lib/thumb/v7e-m\libc.a(lib_a-callocr.o)
 .ARM.attributes
                0x0000082e       0x2e c:/program files (x86)/atmel/studio/7.0/toolchain/arm/arm-gnu-toolchain/bin/../lib/gcc/arm-none-eabi/6.3.1/../../../../arm-none-eabi/lib/thumb/v7e-m\libc.a(lib_a-freer.o)
 .ARM.attributes
                0x0000085c       0x2e c:/program files (x86)/atmel/studio/7.0/toolchain/arm/arm-gnu-toolchain/bin/../lib/gcc/arm-none-eabi/6.3.1/../../../../arm-none-eabi/lib/thumb/v7e-m\libc.a(lib_a-locale.o)
 .ARM.attributes
                0x0000088a       0x2e c:/program files (x86)/atmel/studio/7.0/toolchain/arm/arm-gnu-toolchain/bin/../lib/gcc/arm-none-eabi/6.3.1/../../../../arm-none-eabi/lib/thumb/v7e-m\libc.a(lib_a-mbtowc_r.o)
 .ARM.attributes
                0x000008b8       0x2e c:/program files (x86)/atmel/studio/7.0/toolchain/arm/arm-gnu-toolchain/bin/../lib/gcc/arm-none-eabi/6.3.1/../../../../arm-none-eabi/lib/thumb/v7e-m\libc.a(lib_a-memmove.o)
 .ARM.attributes
                0x000008e6       0x2e c:/program files (x86)/atmel/studio/7.0/toolchain/arm/arm-gnu-toolchain/bin/../lib/gcc/arm-none-eabi/6.3.1/../../../../arm-none-eabi/lib/thumb/v7e-m\libc.a(lib_a-reallocr.o)
 .ARM.attributes
                0x00000914       0x2e c:/program files (x86)/atmel/studio/7.0/toolchain/arm/arm-gnu-toolchain/bin/../lib/gcc/arm-none-eabi/6.3.1/../../../../arm-none-eabi/lib/thumb/v7e-m\libc.a(lib_a-reent.o)
 .ARM.attributes
                0x00000942       0x2e c:/program files (x86)/atmel/studio/7.0/toolchain/arm/arm-gnu-toolchain/bin/../lib/gcc/arm-none-eabi/6.3.1/../../../../arm-none-eabi/lib/thumb/v7e-m\libc.a(lib_a-wctomb_r.o)
 .ARM.attributes
                0x00000970       0x2e c:/program files (x86)/atmel/studio/7.0/toolchain/arm/arm-gnu-toolchain/bin/../lib/gcc/arm-none-eabi/6.3.1/../../../../arm-none-eabi/lib/thumb/v7e-m\libc.a(lib_a-ctype_.o)
 .ARM.attributes
                0x0000099e       0x1e c:/program files (x86)/atmel/studio/7.0/toolchain/arm/arm-gnu-toolchain/bin/../lib/gcc/arm-none-eabi/6.3.1/thumb/v7e-m\libgcc.a(_arm_addsubdf3.o)
 .ARM.attributes
                0x000009bc       0x1e c:/program files (x86)/atmel/studio/7.0/toolchain/arm/arm-gnu-toolchain/bin/../lib/gcc/arm-none-eabi/6.3.1/thumb/v7e-m\libgcc.a(_arm_muldivdf3.o)
 .ARM.attributes
                0x000009da       0x1e c:/program files (x86)/atmel/studio/7.0/toolchain/arm/arm-gnu-toolchain/bin/../lib/gcc/arm-none-eabi/6.3.1/thumb/v7e-m\libgcc.a(_arm_cmpdf2.o)
 .ARM.attributes
                0x000009f8       0x1e c:/program files (x86)/atmel/studio/7.0/toolchain/arm/arm-gnu-toolchain/bin/../lib/gcc/arm-none-eabi/6.3.1/thumb/v7e-m\libgcc.a(_arm_unorddf2.o)
 .ARM.attributes
                0x00000a16       0x1e c:/program files (x86)/atmel/studio/7.0/toolchain/arm/arm-gnu-toolchain/bin/../lib/gcc/arm-none-eabi/6.3.1/thumb/v7e-m\libgcc.a(_arm_fixdfsi.o)
 .ARM.attributes
                0x00000a34       0x1e c:/program files (x86)/atmel/studio/7.0/toolchain/arm/arm-gnu-toolchain/bin/../lib/gcc/arm-none-eabi/6.3.1/thumb/v7e-m/crtn.o

.comment        0x00000000       0x59
 .comment       0x00000000       0x59 src/ASF/sam/drivers/pio/pio_handler.o
                                 0x5a (size before relaxing)
 .comment       0x00000059       0x5a src/ASF/sam/drivers/usart/usart.o
 .comment       0x00000059       0x5a src/ASF/sam/drivers/wdt/wdt.o
 .comment       0x00000059       0x5a src/ProgrammerInterface.o
 .comment       0x00000059       0x5a src/timer_interface.o
 .comment       0x00000059       0x5a src/wifi.o
 .comment       0x00000059       0x5a src/ASF/common/services/delay/sam/cycle_counter.o
 .comment       0x00000059       0x5a src/ASF/common/services/clock/sam4s/sysclk.o
 .comment       0x00000059       0x5a src/ASF/sam/drivers/pio/pio.o
 .comment       0x00000059       0x5a src/ASF/sam/drivers/pmc/pmc.o
 .comment       0x00000059       0x5a src/ASF/sam/drivers/tc/tc.o
 .comment       0x00000059       0x5a src/ASF/common/boards/user_board/init.o
 .comment       0x00000059       0x5a src/ASF/sam/utils/cmsis/sam4s/source/templates/gcc/startup_sam4s.o
 .comment       0x00000059       0x5a src/ASF/sam/utils/cmsis/sam4s/source/templates/system_sam4s.o
 .comment       0x00000059       0x5a src/ASF/sam/utils/syscalls/gcc/syscalls.o
 .comment       0x00000059       0x5a src/main.o

.debug_info     0x00000000    0x12af8
 .debug_info    0x00000000     0x17aa src/ASF/sam/drivers/pio/pio_handler.o
 .debug_info    0x000017aa     0x1e90 src/ASF/sam/drivers/usart/usart.o
 .debug_info    0x0000363a      0xbe3 src/ASF/sam/drivers/wdt/wdt.o
 .debug_info    0x0000421d     0x1466 src/ProgrammerInterface.o
 .debug_info    0x00005683     0x10b3 src/timer_interface.o
 .debug_info    0x00006736     0x2198 src/wifi.o
 .debug_info    0x000088ce      0xa45 src/ASF/common/services/delay/sam/cycle_counter.o
 .debug_info    0x00009313     0x11a6 src/ASF/common/services/clock/sam4s/sysclk.o
 .debug_info    0x0000a4b9     0x1d8d src/ASF/sam/drivers/pio/pio.o
 .debug_info    0x0000c246     0x1a11 src/ASF/sam/drivers/pmc/pmc.o
 .debug_info    0x0000dc57     0x1255 src/ASF/sam/drivers/tc/tc.o
 .debug_info    0x0000eeac     0x1398 src/ASF/common/boards/user_board/init.o
 .debug_info    0x00010244      0x6e9 src/ASF/sam/utils/cmsis/sam4s/source/templates/gcc/startup_sam4s.o
 .debug_info    0x0001092d      0x45c src/ASF/sam/utils/cmsis/sam4s/source/templates/system_sam4s.o
 .debug_info    0x00010d89      0xdbc src/ASF/sam/utils/syscalls/gcc/syscalls.o
 .debug_info    0x00011b45      0xfb3 src/main.o

.debug_abbrev   0x00000000     0x2889
 .debug_abbrev  0x00000000      0x2c9 src/ASF/sam/drivers/pio/pio_handler.o
 .debug_abbrev  0x000002c9      0x2c1 src/ASF/sam/drivers/usart/usart.o
 .debug_abbrev  0x0000058a      0x207 src/ASF/sam/drivers/wdt/wdt.o
 .debug_abbrev  0x00000791      0x3ca src/ProgrammerInterface.o
 .debug_abbrev  0x00000b5b      0x298 src/timer_interface.o
 .debug_abbrev  0x00000df3      0x485 src/wifi.o
 .debug_abbrev  0x00001278      0x1b3 src/ASF/common/services/delay/sam/cycle_counter.o
 .debug_abbrev  0x0000142b      0x28f src/ASF/common/services/clock/sam4s/sysclk.o
 .debug_abbrev  0x000016ba      0x296 src/ASF/sam/drivers/pio/pio.o
 .debug_abbrev  0x00001950      0x2b8 src/ASF/sam/drivers/pmc/pmc.o
 .debug_abbrev  0x00001c08      0x24a src/ASF/sam/drivers/tc/tc.o
 .debug_abbrev  0x00001e52      0x32f src/ASF/common/boards/user_board/init.o
 .debug_abbrev  0x00002181      0x17c src/ASF/sam/utils/cmsis/sam4s/source/templates/gcc/startup_sam4s.o
 .debug_abbrev  0x000022fd      0x102 src/ASF/sam/utils/cmsis/sam4s/source/templates/system_sam4s.o
 .debug_abbrev  0x000023ff      0x22a src/ASF/sam/utils/syscalls/gcc/syscalls.o
 .debug_abbrev  0x00002629      0x260 src/main.o

.debug_loc      0x00000000     0x60d2
 .debug_loc     0x00000000      0x364 src/ASF/sam/drivers/pio/pio_handler.o
 .debug_loc     0x00000364     0x17d4 src/ASF/sam/drivers/usart/usart.o
 .debug_loc     0x00001b38      0x228 src/ASF/sam/drivers/wdt/wdt.o
 .debug_loc     0x00001d60      0x244 src/ProgrammerInterface.o
 .debug_loc     0x00001fa4      0x1b0 src/timer_interface.o
 .debug_loc     0x00002154      0x6a4 src/wifi.o
 .debug_loc     0x000027f8      0x424 src/ASF/common/services/clock/sam4s/sysclk.o
 .debug_loc     0x00002c1c     0x1174 src/ASF/sam/drivers/pio/pio.o
 .debug_loc     0x00003d90     0x1468 src/ASF/sam/drivers/pmc/pmc.o
 .debug_loc     0x000051f8      0x844 src/ASF/sam/drivers/tc/tc.o
 .debug_loc     0x00005a3c      0x160 src/ASF/common/boards/user_board/init.o
 .debug_loc     0x00005b9c       0x64 src/ASF/sam/utils/cmsis/sam4s/source/templates/gcc/startup_sam4s.o
 .debug_loc     0x00005c00       0xe4 src/ASF/sam/utils/cmsis/sam4s/source/templates/system_sam4s.o
 .debug_loc     0x00005ce4      0x300 src/ASF/sam/utils/syscalls/gcc/syscalls.o
 .debug_loc     0x00005fe4       0xee src/main.o

.debug_aranges  0x00000000      0xab8
 .debug_aranges
                0x00000000       0x70 src/ASF/sam/drivers/pio/pio_handler.o
 .debug_aranges
                0x00000070      0x238 src/ASF/sam/drivers/usart/usart.o
 .debug_aranges
                0x000002a8       0x48 src/ASF/sam/drivers/wdt/wdt.o
 .debug_aranges
                0x000002f0       0x58 src/ProgrammerInterface.o
 .debug_aranges
                0x00000348       0x48 src/timer_interface.o
 .debug_aranges
                0x00000390       0xd0 src/wifi.o
 .debug_aranges
                0x00000460       0x20 src/ASF/common/services/delay/sam/cycle_counter.o
 .debug_aranges
                0x00000480       0x88 src/ASF/common/services/clock/sam4s/sysclk.o
 .debug_aranges
                0x00000508      0x1a8 src/ASF/sam/drivers/pio/pio.o
 .debug_aranges
                0x000006b0      0x208 src/ASF/sam/drivers/pmc/pmc.o
 .debug_aranges
                0x000008b8       0xd0 src/ASF/sam/drivers/tc/tc.o
 .debug_aranges
                0x00000988       0x40 src/ASF/common/boards/user_board/init.o
 .debug_aranges
                0x000009c8       0x28 src/ASF/sam/utils/cmsis/sam4s/source/templates/gcc/startup_sam4s.o
 .debug_aranges
                0x000009f0       0x30 src/ASF/sam/utils/cmsis/sam4s/source/templates/system_sam4s.o
 .debug_aranges
                0x00000a20       0x60 src/ASF/sam/utils/syscalls/gcc/syscalls.o
 .debug_aranges
                0x00000a80       0x38 src/main.o

.debug_ranges   0x00000000      0xa00
 .debug_ranges  0x00000000       0x60 src/ASF/sam/drivers/pio/pio_handler.o
 .debug_ranges  0x00000060      0x228 src/ASF/sam/drivers/usart/usart.o
 .debug_ranges  0x00000288       0x38 src/ASF/sam/drivers/wdt/wdt.o
 .debug_ranges  0x000002c0       0x60 src/ProgrammerInterface.o
 .debug_ranges  0x00000320       0x38 src/timer_interface.o
 .debug_ranges  0x00000358       0xd8 src/wifi.o
 .debug_ranges  0x00000430       0x10 src/ASF/common/services/delay/sam/cycle_counter.o
 .debug_ranges  0x00000440       0x78 src/ASF/common/services/clock/sam4s/sysclk.o
 .debug_ranges  0x000004b8      0x198 src/ASF/sam/drivers/pio/pio.o
 .debug_ranges  0x00000650      0x1f8 src/ASF/sam/drivers/pmc/pmc.o
 .debug_ranges  0x00000848       0xc0 src/ASF/sam/drivers/tc/tc.o
 .debug_ranges  0x00000908       0x48 src/ASF/common/boards/user_board/init.o
 .debug_ranges  0x00000950       0x18 src/ASF/sam/utils/cmsis/sam4s/source/templates/gcc/startup_sam4s.o
 .debug_ranges  0x00000968       0x20 src/ASF/sam/utils/cmsis/sam4s/source/templates/system_sam4s.o
 .debug_ranges  0x00000988       0x50 src/ASF/sam/utils/syscalls/gcc/syscalls.o
 .debug_ranges  0x000009d8       0x28 src/main.o

.debug_macro    0x00000000     0x616c
 .debug_macro   0x00000000      0x4fd src/ASF/sam/drivers/pio/pio_handler.o
 .debug_macro   0x000004fd       0x8e src/ASF/sam/drivers/pio/pio_handler.o
 .debug_macro   0x0000058b      0x523 src/ASF/sam/drivers/usart/usart.o
 .debug_macro   0x00000aae       0x28 src/ASF/sam/drivers/usart/usart.o
 .debug_macro   0x00000ad6      0x500 src/ASF/sam/drivers/wdt/wdt.o
 .debug_macro   0x00000fd6      0x65a src/ProgrammerInterface.o
 .debug_macro   0x00001630       0x70 src/ProgrammerInterface.o
 .debug_macro   0x000016a0       0x3a src/ProgrammerInterface.o
 .debug_macro   0x000016da      0x2c6 src/ProgrammerInterface.o
 .debug_macro   0x000019a0       0x58 src/ProgrammerInterface.o
 .debug_macro   0x000019f8       0x82 src/ProgrammerInterface.o
 .debug_macro   0x00001a7a       0x46 src/ProgrammerInterface.o
 .debug_macro   0x00001ac0       0x90 src/ProgrammerInterface.o
 .debug_macro   0x00001b50       0x28 src/ProgrammerInterface.o
 .debug_macro   0x00001b78       0x23 src/ProgrammerInterface.o
 .debug_macro   0x00001b9b       0x94 src/ProgrammerInterface.o
 .debug_macro   0x00001c2f       0x40 src/ProgrammerInterface.o
 .debug_macro   0x00001c6f       0x88 src/ProgrammerInterface.o
 .debug_macro   0x00001cf7       0x34 src/ProgrammerInterface.o
 .debug_macro   0x00001d2b       0x1c src/ProgrammerInterface.o
 .debug_macro   0x00001d47       0x2e src/ProgrammerInterface.o
 .debug_macro   0x00001d75       0x10 src/ProgrammerInterface.o
 .debug_macro   0x00001d85       0x10 src/ProgrammerInterface.o
 .debug_macro   0x00001d95       0x16 src/ProgrammerInterface.o
 .debug_macro   0x00001dab       0x94 src/ProgrammerInterface.o
 .debug_macro   0x00001e3f      0x650 src/timer_interface.o
 .debug_macro   0x0000248f      0x66a src/wifi.o
 .debug_macro   0x00002af9      0x118 src/wifi.o
 .debug_macro   0x00002c11      0x4ed src/ASF/common/services/delay/sam/cycle_counter.o
 .debug_macro   0x000030fe       0x22 src/ASF/common/services/delay/sam/cycle_counter.o
 .debug_macro   0x00003120      0x558 src/ASF/common/services/clock/sam4s/sysclk.o
 .debug_macro   0x00003678      0x2c0 src/ASF/common/services/clock/sam4s/sysclk.o
 .debug_macro   0x00003938      0x4f3 src/ASF/sam/drivers/pio/pio.o
 .debug_macro   0x00003e2b      0x4f3 src/ASF/sam/drivers/pmc/pmc.o
 .debug_macro   0x0000431e       0x52 src/ASF/sam/drivers/pmc/pmc.o
 .debug_macro   0x00004370      0x4f4 src/ASF/sam/drivers/tc/tc.o
 .debug_macro   0x00004864       0x52 src/ASF/sam/drivers/tc/tc.o
 .debug_macro   0x000048b6       0x8d src/ASF/sam/drivers/tc/tc.o
 .debug_macro   0x00004943       0x16 src/ASF/sam/drivers/tc/tc.o
 .debug_macro   0x00004959       0x57 src/ASF/sam/drivers/tc/tc.o
 .debug_macro   0x000049b0       0x1c src/ASF/sam/drivers/tc/tc.o
 .debug_macro   0x000049cc      0x61b src/ASF/common/boards/user_board/init.o
 .debug_macro   0x00004fe7      0x2df src/ASF/sam/utils/cmsis/sam4s/source/templates/gcc/startup_sam4s.o
 .debug_macro   0x000052c6      0x2e7 src/ASF/sam/utils/cmsis/sam4s/source/templates/system_sam4s.o
 .debug_macro   0x000055ad      0x1d6 src/ASF/sam/utils/syscalls/gcc/syscalls.o
 .debug_macro   0x00005783       0x97 src/ASF/sam/utils/syscalls/gcc/syscalls.o
 .debug_macro   0x0000581a       0xf6 src/ASF/sam/utils/syscalls/gcc/syscalls.o
 .debug_macro   0x00005910       0x4c src/ASF/sam/utils/syscalls/gcc/syscalls.o
 .debug_macro   0x0000595c       0x16 src/ASF/sam/utils/syscalls/gcc/syscalls.o
 .debug_macro   0x00005972       0x10 src/ASF/sam/utils/syscalls/gcc/syscalls.o
 .debug_macro   0x00005982       0x10 src/ASF/sam/utils/syscalls/gcc/syscalls.o
 .debug_macro   0x00005992       0x35 src/ASF/sam/utils/syscalls/gcc/syscalls.o
 .debug_macro   0x000059c7      0x122 src/ASF/sam/utils/syscalls/gcc/syscalls.o
 .debug_macro   0x00005ae9      0x673 src/main.o
 .debug_macro   0x0000615c       0x10 src/main.o

.debug_line     0x00000000     0xc896
 .debug_line    0x00000000      0xb2f src/ASF/sam/drivers/pio/pio_handler.o
 .debug_line    0x00000b2f      0xffe src/ASF/sam/drivers/usart/usart.o
 .debug_line    0x00001b2d      0xa7b src/ASF/sam/drivers/wdt/wdt.o
 .debug_line    0x000025a8      0xfa2 src/ProgrammerInterface.o
 .debug_line    0x0000354a      0xeb7 src/timer_interface.o
 .debug_line    0x00004401     0x11b5 src/wifi.o
 .debug_line    0x000055b6      0xa2e src/ASF/common/services/delay/sam/cycle_counter.o
 .debug_line    0x00005fe4      0xc78 src/ASF/common/services/clock/sam4s/sysclk.o
 .debug_line    0x00006c5c      0xe47 src/ASF/sam/drivers/pio/pio.o
 .debug_line    0x00007aa3     0x1030 src/ASF/sam/drivers/pmc/pmc.o
 .debug_line    0x00008ad3      0xbcd src/ASF/sam/drivers/tc/tc.o
 .debug_line    0x000096a0      0xea6 src/ASF/common/boards/user_board/init.o
 .debug_line    0x0000a546      0x819 src/ASF/sam/utils/cmsis/sam4s/source/templates/gcc/startup_sam4s.o
 .debug_line    0x0000ad5f      0x858 src/ASF/sam/utils/cmsis/sam4s/source/templates/system_sam4s.o
 .debug_line    0x0000b5b7      0x417 src/ASF/sam/utils/syscalls/gcc/syscalls.o
 .debug_line    0x0000b9ce      0xec8 src/main.o

.debug_str      0x00000000    0x52170
 .debug_str     0x00000000    0x47b1a src/ASF/sam/drivers/pio/pio_handler.o
                              0x47f88 (size before relaxing)
 .debug_str     0x00047b1a      0x9e2 src/ASF/sam/drivers/usart/usart.o
                              0x47e7d (size before relaxing)
 .debug_str     0x000484fc      0x13d src/ASF/sam/drivers/wdt/wdt.o
                              0x4757f (size before relaxing)
 .debug_str     0x00048639     0x73b8 src/ProgrammerInterface.o
                              0x4ef7c (size before relaxing)
 .debug_str     0x0004f9f1      0x174 src/timer_interface.o
                              0x49a5b (size before relaxing)
 .debug_str     0x0004fb65      0x993 src/wifi.o
                              0x4fcc9 (size before relaxing)
 .debug_str     0x000504f8       0x35 src/ASF/common/services/delay/sam/cycle_counter.o
                              0x475f8 (size before relaxing)
 .debug_str     0x0005052d      0x34b src/ASF/common/services/clock/sam4s/sysclk.o
                              0x48cbb (size before relaxing)
 .debug_str     0x00050878      0x446 src/ASF/sam/drivers/pio/pio.o
                              0x48098 (size before relaxing)
 .debug_str     0x00050cbe      0x5b9 src/ASF/sam/drivers/pmc/pmc.o
                              0x47ef6 (size before relaxing)
 .debug_str     0x00051277      0x25b src/ASF/sam/drivers/tc/tc.o
                              0x477e3 (size before relaxing)
 .debug_str     0x000514d2       0x47 src/ASF/common/boards/user_board/init.o
                              0x49a59 (size before relaxing)
 .debug_str     0x00051519      0x428 src/ASF/sam/utils/cmsis/sam4s/source/templates/gcc/startup_sam4s.o
                              0x37ecd (size before relaxing)
 .debug_str     0x00051941       0xb9 src/ASF/sam/utils/cmsis/sam4s/source/templates/system_sam4s.o
                              0x37c6c (size before relaxing)
 .debug_str     0x000519fa      0x768 src/ASF/sam/utils/syscalls/gcc/syscalls.o
                               0x7419 (size before relaxing)
 .debug_str     0x00052162        0xe src/main.o
                              0x4f353 (size before relaxing)

.debug_frame    0x00000000     0x3a38
 .debug_frame   0x00000000      0x1a4 src/ASF/sam/drivers/pio/pio_handler.o
 .debug_frame   0x000001a4      0xa7c src/ASF/sam/drivers/usart/usart.o
 .debug_frame   0x00000c20      0x100 src/ASF/sam/drivers/wdt/wdt.o
 .debug_frame   0x00000d20      0x13c src/ProgrammerInterface.o
 .debug_frame   0x00000e5c       0xe4 src/timer_interface.o
 .debug_frame   0x00000f40      0x364 src/wifi.o
 .debug_frame   0x000012a4       0x20 src/ASF/common/services/delay/sam/cycle_counter.o
 .debug_frame   0x000012c4      0x200 src/ASF/common/services/clock/sam4s/sysclk.o
 .debug_frame   0x000014c4      0x7c0 src/ASF/sam/drivers/pio/pio.o
 .debug_frame   0x00001c84      0x920 src/ASF/sam/drivers/pmc/pmc.o
 .debug_frame   0x000025a4      0x3a8 src/ASF/sam/drivers/tc/tc.o
 .debug_frame   0x0000294c       0xbc src/ASF/common/boards/user_board/init.o
 .debug_frame   0x00002a08       0x48 src/ASF/sam/utils/cmsis/sam4s/source/templates/gcc/startup_sam4s.o
 .debug_frame   0x00002a50       0x78 src/ASF/sam/utils/cmsis/sam4s/source/templates/system_sam4s.o
 .debug_frame   0x00002ac8      0x164 src/ASF/sam/utils/syscalls/gcc/syscalls.o
 .debug_frame   0x00002c2c       0x9c src/main.o
 .debug_frame   0x00002cc8       0x2c c:/program files (x86)/atmel/studio/7.0/toolchain/arm/arm-gnu-toolchain/bin/../lib/gcc/arm-none-eabi/6.3.1/thumb/v7e-m\libgcc.a(_aeabi_uldivmod.o)
 .debug_frame   0x00002cf4       0x34 c:/program files (x86)/atmel/studio/7.0/toolchain/arm/arm-gnu-toolchain/bin/../lib/gcc/arm-none-eabi/6.3.1/thumb/v7e-m\libgcc.a(_udivmoddi4.o)
 .debug_frame   0x00002d28       0x2c c:/program files (x86)/atmel/studio/7.0/toolchain/arm/arm-gnu-toolchain/bin/../lib/gcc/arm-none-eabi/6.3.1/../../../../arm-none-eabi/lib/thumb/v7e-m\libc.a(lib_a-init.o)
 .debug_frame   0x00002d54       0x34 c:/program files (x86)/atmel/studio/7.0/toolchain/arm/arm-gnu-toolchain/bin/../lib/gcc/arm-none-eabi/6.3.1/../../../../arm-none-eabi/lib/thumb/v7e-m\libc.a(lib_a-memset.o)
 .debug_frame   0x00002d88       0x84 c:/program files (x86)/atmel/studio/7.0/toolchain/arm/arm-gnu-toolchain/bin/../lib/gcc/arm-none-eabi/6.3.1/../../../../arm-none-eabi/lib/thumb/v7e-m\libc.a(lib_a-sprintf.o)
 .debug_frame   0x00002e0c       0x20 c:/program files (x86)/atmel/studio/7.0/toolchain/arm/arm-gnu-toolchain/bin/../lib/gcc/arm-none-eabi/6.3.1/../../../../arm-none-eabi/lib/thumb/v7e-m\libc.a(lib_a-strcpy.o)
 .debug_frame   0x00002e2c       0xd8 c:/program files (x86)/atmel/studio/7.0/toolchain/arm/arm-gnu-toolchain/bin/../lib/gcc/arm-none-eabi/6.3.1/../../../../arm-none-eabi/lib/thumb/v7e-m\libc.a(lib_a-strstr.o)
 .debug_frame   0x00002f04       0x40 c:/program files (x86)/atmel/studio/7.0/toolchain/arm/arm-gnu-toolchain/bin/../lib/gcc/arm-none-eabi/6.3.1/../../../../arm-none-eabi/lib/thumb/v7e-m\libc.a(lib_a-svfprintf.o)
 .debug_frame   0x00002f44       0x5c c:/program files (x86)/atmel/studio/7.0/toolchain/arm/arm-gnu-toolchain/bin/../lib/gcc/arm-none-eabi/6.3.1/../../../../arm-none-eabi/lib/thumb/v7e-m\libc.a(lib_a-__call_atexit.o)
 .debug_frame   0x00002fa0       0x20 c:/program files (x86)/atmel/studio/7.0/toolchain/arm/arm-gnu-toolchain/bin/../lib/gcc/arm-none-eabi/6.3.1/../../../../arm-none-eabi/lib/thumb/v7e-m\libc.a(lib_a-atexit.o)
 .debug_frame   0x00002fc0       0x88 c:/program files (x86)/atmel/studio/7.0/toolchain/arm/arm-gnu-toolchain/bin/../lib/gcc/arm-none-eabi/6.3.1/../../../../arm-none-eabi/lib/thumb/v7e-m\libc.a(lib_a-dtoa.o)
 .debug_frame   0x00003048       0x34 c:/program files (x86)/atmel/studio/7.0/toolchain/arm/arm-gnu-toolchain/bin/../lib/gcc/arm-none-eabi/6.3.1/../../../../arm-none-eabi/lib/thumb/v7e-m\libc.a(lib_a-fini.o)
 .debug_frame   0x0000307c       0x40 c:/program files (x86)/atmel/studio/7.0/toolchain/arm/arm-gnu-toolchain/bin/../lib/gcc/arm-none-eabi/6.3.1/../../../../arm-none-eabi/lib/thumb/v7e-m\libc.a(lib_a-localeconv.o)
 .debug_frame   0x000030bc       0xb0 c:/program files (x86)/atmel/studio/7.0/toolchain/arm/arm-gnu-toolchain/bin/../lib/gcc/arm-none-eabi/6.3.1/../../../../arm-none-eabi/lib/thumb/v7e-m\libc.a(lib_a-lock.o)
 .debug_frame   0x0000316c       0x58 c:/program files (x86)/atmel/studio/7.0/toolchain/arm/arm-gnu-toolchain/bin/../lib/gcc/arm-none-eabi/6.3.1/../../../../arm-none-eabi/lib/thumb/v7e-m\libc.a(lib_a-mallocr.o)
 .debug_frame   0x000031c4       0x3c c:/program files (x86)/atmel/studio/7.0/toolchain/arm/arm-gnu-toolchain/bin/../lib/gcc/arm-none-eabi/6.3.1/../../../../arm-none-eabi/lib/thumb/v7e-m\libc.a(lib_a-memcmp.o)
 .debug_frame   0x00003200       0x30 c:/program files (x86)/atmel/studio/7.0/toolchain/arm/arm-gnu-toolchain/bin/../lib/gcc/arm-none-eabi/6.3.1/../../../../arm-none-eabi/lib/thumb/v7e-m\libc.a(lib_a-mlock.o)
 .debug_frame   0x00003230      0x25c c:/program files (x86)/atmel/studio/7.0/toolchain/arm/arm-gnu-toolchain/bin/../lib/gcc/arm-none-eabi/6.3.1/../../../../arm-none-eabi/lib/thumb/v7e-m\libc.a(lib_a-mprec.o)
 .debug_frame   0x0000348c       0x2c c:/program files (x86)/atmel/studio/7.0/toolchain/arm/arm-gnu-toolchain/bin/../lib/gcc/arm-none-eabi/6.3.1/../../../../arm-none-eabi/lib/thumb/v7e-m\libc.a(lib_a-sbrkr.o)
 .debug_frame   0x000034b8       0x50 c:/program files (x86)/atmel/studio/7.0/toolchain/arm/arm-gnu-toolchain/bin/../lib/gcc/arm-none-eabi/6.3.1/../../../../arm-none-eabi/lib/thumb/v7e-m\libc.a(lib_a-strchr.o)
 .debug_frame   0x00003508       0x78 c:/program files (x86)/atmel/studio/7.0/toolchain/arm/arm-gnu-toolchain/bin/../lib/gcc/arm-none-eabi/6.3.1/../../../../arm-none-eabi/lib/thumb/v7e-m\libc.a(lib_a-svfiprintf.o)
 .debug_frame   0x00003580       0x34 c:/program files (x86)/atmel/studio/7.0/toolchain/arm/arm-gnu-toolchain/bin/../lib/gcc/arm-none-eabi/6.3.1/../../../../arm-none-eabi/lib/thumb/v7e-m\libc.a(lib_a-__atexit.o)
 .debug_frame   0x000035b4       0x28 c:/program files (x86)/atmel/studio/7.0/toolchain/arm/arm-gnu-toolchain/bin/../lib/gcc/arm-none-eabi/6.3.1/../../../../arm-none-eabi/lib/thumb/v7e-m\libc.a(lib_a-callocr.o)
 .debug_frame   0x000035dc       0x74 c:/program files (x86)/atmel/studio/7.0/toolchain/arm/arm-gnu-toolchain/bin/../lib/gcc/arm-none-eabi/6.3.1/../../../../arm-none-eabi/lib/thumb/v7e-m\libc.a(lib_a-freer.o)
 .debug_frame   0x00003650       0x6c c:/program files (x86)/atmel/studio/7.0/toolchain/arm/arm-gnu-toolchain/bin/../lib/gcc/arm-none-eabi/6.3.1/../../../../arm-none-eabi/lib/thumb/v7e-m\libc.a(lib_a-locale.o)
 .debug_frame   0x000036bc       0x4c c:/program files (x86)/atmel/studio/7.0/toolchain/arm/arm-gnu-toolchain/bin/../lib/gcc/arm-none-eabi/6.3.1/../../../../arm-none-eabi/lib/thumb/v7e-m\libc.a(lib_a-mbtowc_r.o)
 .debug_frame   0x00003708       0x30 c:/program files (x86)/atmel/studio/7.0/toolchain/arm/arm-gnu-toolchain/bin/../lib/gcc/arm-none-eabi/6.3.1/../../../../arm-none-eabi/lib/thumb/v7e-m\libc.a(lib_a-memmove.o)
 .debug_frame   0x00003738       0x68 c:/program files (x86)/atmel/studio/7.0/toolchain/arm/arm-gnu-toolchain/bin/../lib/gcc/arm-none-eabi/6.3.1/../../../../arm-none-eabi/lib/thumb/v7e-m\libc.a(lib_a-reallocr.o)
 .debug_frame   0x000037a0       0x58 c:/program files (x86)/atmel/studio/7.0/toolchain/arm/arm-gnu-toolchain/bin/../lib/gcc/arm-none-eabi/6.3.1/../../../../arm-none-eabi/lib/thumb/v7e-m\libc.a(lib_a-reent.o)
 .debug_frame   0x000037f8       0x3c c:/program files (x86)/atmel/studio/7.0/toolchain/arm/arm-gnu-toolchain/bin/../lib/gcc/arm-none-eabi/6.3.1/../../../../arm-none-eabi/lib/thumb/v7e-m\libc.a(lib_a-wctomb_r.o)
 .debug_frame   0x00003834       0xac c:/program files (x86)/atmel/studio/7.0/toolchain/arm/arm-gnu-toolchain/bin/../lib/gcc/arm-none-eabi/6.3.1/thumb/v7e-m\libgcc.a(_arm_addsubdf3.o)
 .debug_frame   0x000038e0       0x50 c:/program files (x86)/atmel/studio/7.0/toolchain/arm/arm-gnu-toolchain/bin/../lib/gcc/arm-none-eabi/6.3.1/thumb/v7e-m\libgcc.a(_arm_muldivdf3.o)
 .debug_frame   0x00003930       0xc4 c:/program files (x86)/atmel/studio/7.0/toolchain/arm/arm-gnu-toolchain/bin/../lib/gcc/arm-none-eabi/6.3.1/thumb/v7e-m\libgcc.a(_arm_cmpdf2.o)
 .debug_frame   0x000039f4       0x20 c:/program files (x86)/atmel/studio/7.0/toolchain/arm/arm-gnu-toolchain/bin/../lib/gcc/arm-none-eabi/6.3.1/thumb/v7e-m\libgcc.a(_arm_unorddf2.o)
 .debug_frame   0x00003a14       0x24 c:/program files (x86)/atmel/studio/7.0/toolchain/arm/arm-gnu-toolchain/bin/../lib/gcc/arm-none-eabi/6.3.1/thumb/v7e-m\libgcc.a(_arm_fixdfsi.o)

Cross Reference Table

Symbol                                            File
ACC_Handler                                       src/ASF/sam/utils/cmsis/sam4s/source/templates/gcc/startup_sam4s.o
ADC_Handler                                       src/ASF/sam/utils/cmsis/sam4s/source/templates/gcc/startup_sam4s.o
ASCII_to_Num                                      src/ProgrammerInterface.o
BusFault_Handler                                  src/ASF/sam/utils/cmsis/sam4s/source/templates/gcc/startup_sam4s.o
CRCCU_Handler                                     src/ASF/sam/utils/cmsis/sam4s/source/templates/gcc/startup_sam4s.o
Clear_Target                                      src/ProgrammerInterface.o
DACC_Handler                                      src/ASF/sam/utils/cmsis/sam4s/source/templates/gcc/startup_sam4s.o
DebugMon_Handler                                  src/ASF/sam/utils/cmsis/sam4s/source/templates/gcc/startup_sam4s.o
Dummy_Handler                                     src/ASF/sam/utils/cmsis/sam4s/source/templates/gcc/startup_sam4s.o
EFC0_Handler                                      src/ASF/sam/utils/cmsis/sam4s/source/templates/gcc/startup_sam4s.o
HSMCI_Handler                                     src/ASF/sam/utils/cmsis/sam4s/source/templates/gcc/startup_sam4s.o
HardFault_Handler                                 src/ASF/sam/utils/cmsis/sam4s/source/templates/gcc/startup_sam4s.o
MemManage_Handler                                 src/ASF/sam/utils/cmsis/sam4s/source/templates/gcc/startup_sam4s.o
NMI_Handler                                       src/ASF/sam/utils/cmsis/sam4s/source/templates/gcc/startup_sam4s.o
Num_to_ASCII                                      src/ProgrammerInterface.o
PIOA_Handler                                      src/ASF/sam/drivers/pio/pio_handler.o
PIOB_Handler                                      src/ASF/sam/drivers/pio/pio_handler.o
PMC_Handler                                       src/ASF/sam/utils/cmsis/sam4s/source/templates/gcc/startup_sam4s.o
PWM_Handler                                       src/ASF/sam/utils/cmsis/sam4s/source/templates/gcc/startup_sam4s.o
Parse_Program                                     src/ProgrammerInterface.o
                                                  src/main.o
PendSV_Handler                                    src/ASF/sam/utils/cmsis/sam4s/source/templates/gcc/startup_sam4s.o
RSTC_Handler                                      src/ASF/sam/utils/cmsis/sam4s/source/templates/gcc/startup_sam4s.o
RTC_Handler                                       src/ASF/sam/utils/cmsis/sam4s/source/templates/gcc/startup_sam4s.o
RTT_Handler                                       src/ASF/sam/utils/cmsis/sam4s/source/templates/gcc/startup_sam4s.o
Reset_Handler                                     src/ASF/sam/utils/cmsis/sam4s/source/templates/gcc/startup_sam4s.o
SPI_Handler                                       src/ASF/sam/utils/cmsis/sam4s/source/templates/gcc/startup_sam4s.o
SSC_Handler                                       src/ASF/sam/utils/cmsis/sam4s/source/templates/gcc/startup_sam4s.o
SUPC_Handler                                      src/ASF/sam/utils/cmsis/sam4s/source/templates/gcc/startup_sam4s.o
SVC_Handler                                       src/ASF/sam/utils/cmsis/sam4s/source/templates/gcc/startup_sam4s.o
SysTick_Handler                                   src/ASF/sam/utils/cmsis/sam4s/source/templates/gcc/startup_sam4s.o
SystemCoreClock                                   src/ASF/sam/utils/cmsis/sam4s/source/templates/system_sam4s.o
SystemCoreClockUpdate                             src/ASF/sam/utils/cmsis/sam4s/source/templates/system_sam4s.o
                                                  src/ASF/common/services/clock/sam4s/sysclk.o
SystemInit                                        src/ASF/sam/utils/cmsis/sam4s/source/templates/system_sam4s.o
TC0_Handler                                       src/timer_interface.o
TC1_Handler                                       src/ASF/sam/utils/cmsis/sam4s/source/templates/gcc/startup_sam4s.o
TC2_Handler                                       src/ASF/sam/utils/cmsis/sam4s/source/templates/gcc/startup_sam4s.o
TWI0_Handler                                      src/ASF/sam/utils/cmsis/sam4s/source/templates/gcc/startup_sam4s.o
TWI1_Handler                                      src/ASF/sam/utils/cmsis/sam4s/source/templates/gcc/startup_sam4s.o
UART0_Handler                                     src/ASF/sam/utils/cmsis/sam4s/source/templates/gcc/startup_sam4s.o
UART1_Handler                                     src/ASF/sam/utils/cmsis/sam4s/source/templates/gcc/startup_sam4s.o
UDP_Handler                                       src/ASF/sam/utils/cmsis/sam4s/source/templates/gcc/startup_sam4s.o
USART0_Handler                                    src/wifi.o
USART1_Handler                                    src/ASF/sam/utils/cmsis/sam4s/source/templates/gcc/startup_sam4s.o
UsageFault_Handler                                src/ASF/sam/utils/cmsis/sam4s/source/templates/gcc/startup_sam4s.o
WDT_Handler                                       src/ASF/sam/utils/cmsis/sam4s/source/templates/gcc/startup_sam4s.o
_Balloc                                           c:/program files (x86)/atmel/studio/7.0/toolchain/arm/arm-gnu-toolchain/bin/../lib/gcc/arm-none-eabi/6.3.1/../../../../arm-none-eabi/lib/thumb/v7e-m\libc.a(lib_a-mprec.o)
                                                  c:/program files (x86)/atmel/studio/7.0/toolchain/arm/arm-gnu-toolchain/bin/../lib/gcc/arm-none-eabi/6.3.1/../../../../arm-none-eabi/lib/thumb/v7e-m\libc.a(lib_a-dtoa.o)
_Bfree                                            c:/program files (x86)/atmel/studio/7.0/toolchain/arm/arm-gnu-toolchain/bin/../lib/gcc/arm-none-eabi/6.3.1/../../../../arm-none-eabi/lib/thumb/v7e-m\libc.a(lib_a-mprec.o)
                                                  c:/program files (x86)/atmel/studio/7.0/toolchain/arm/arm-gnu-toolchain/bin/../lib/gcc/arm-none-eabi/6.3.1/../../../../arm-none-eabi/lib/thumb/v7e-m\libc.a(lib_a-dtoa.o)
_Jv_RegisterClasses                               c:/program files (x86)/atmel/studio/7.0/toolchain/arm/arm-gnu-toolchain/bin/../lib/gcc/arm-none-eabi/6.3.1/thumb/v7e-m/crtbegin.o
_PathLocale                                       c:/program files (x86)/atmel/studio/7.0/toolchain/arm/arm-gnu-toolchain/bin/../lib/gcc/arm-none-eabi/6.3.1/../../../../arm-none-eabi/lib/thumb/v7e-m\libc.a(lib_a-locale.o)
__adddf3                                          c:/program files (x86)/atmel/studio/7.0/toolchain/arm/arm-gnu-toolchain/bin/../lib/gcc/arm-none-eabi/6.3.1/thumb/v7e-m\libgcc.a(_arm_addsubdf3.o)
__aeabi_cdcmpeq                                   c:/program files (x86)/atmel/studio/7.0/toolchain/arm/arm-gnu-toolchain/bin/../lib/gcc/arm-none-eabi/6.3.1/thumb/v7e-m\libgcc.a(_arm_cmpdf2.o)
__aeabi_cdcmple                                   c:/program files (x86)/atmel/studio/7.0/toolchain/arm/arm-gnu-toolchain/bin/../lib/gcc/arm-none-eabi/6.3.1/thumb/v7e-m\libgcc.a(_arm_cmpdf2.o)
__aeabi_cdrcmple                                  c:/program files (x86)/atmel/studio/7.0/toolchain/arm/arm-gnu-toolchain/bin/../lib/gcc/arm-none-eabi/6.3.1/thumb/v7e-m\libgcc.a(_arm_cmpdf2.o)
__aeabi_d2iz                                      c:/program files (x86)/atmel/studio/7.0/toolchain/arm/arm-gnu-toolchain/bin/../lib/gcc/arm-none-eabi/6.3.1/thumb/v7e-m\libgcc.a(_arm_fixdfsi.o)
                                                  c:/program files (x86)/atmel/studio/7.0/toolchain/arm/arm-gnu-toolchain/bin/../lib/gcc/arm-none-eabi/6.3.1/../../../../arm-none-eabi/lib/thumb/v7e-m\libc.a(lib_a-dtoa.o)
__aeabi_dadd                                      c:/program files (x86)/atmel/studio/7.0/toolchain/arm/arm-gnu-toolchain/bin/../lib/gcc/arm-none-eabi/6.3.1/thumb/v7e-m\libgcc.a(_arm_addsubdf3.o)
                                                  c:/program files (x86)/atmel/studio/7.0/toolchain/arm/arm-gnu-toolchain/bin/../lib/gcc/arm-none-eabi/6.3.1/../../../../arm-none-eabi/lib/thumb/v7e-m\libc.a(lib_a-dtoa.o)
__aeabi_dcmpeq                                    c:/program files (x86)/atmel/studio/7.0/toolchain/arm/arm-gnu-toolchain/bin/../lib/gcc/arm-none-eabi/6.3.1/thumb/v7e-m\libgcc.a(_arm_cmpdf2.o)
                                                  c:/program files (x86)/atmel/studio/7.0/toolchain/arm/arm-gnu-toolchain/bin/../lib/gcc/arm-none-eabi/6.3.1/../../../../arm-none-eabi/lib/thumb/v7e-m\libc.a(lib_a-dtoa.o)
                                                  c:/program files (x86)/atmel/studio/7.0/toolchain/arm/arm-gnu-toolchain/bin/../lib/gcc/arm-none-eabi/6.3.1/../../../../arm-none-eabi/lib/thumb/v7e-m\libc.a(lib_a-svfprintf.o)
__aeabi_dcmpge                                    c:/program files (x86)/atmel/studio/7.0/toolchain/arm/arm-gnu-toolchain/bin/../lib/gcc/arm-none-eabi/6.3.1/thumb/v7e-m\libgcc.a(_arm_cmpdf2.o)
                                                  c:/program files (x86)/atmel/studio/7.0/toolchain/arm/arm-gnu-toolchain/bin/../lib/gcc/arm-none-eabi/6.3.1/../../../../arm-none-eabi/lib/thumb/v7e-m\libc.a(lib_a-dtoa.o)
__aeabi_dcmpgt                                    c:/program files (x86)/atmel/studio/7.0/toolchain/arm/arm-gnu-toolchain/bin/../lib/gcc/arm-none-eabi/6.3.1/thumb/v7e-m\libgcc.a(_arm_cmpdf2.o)
                                                  c:/program files (x86)/atmel/studio/7.0/toolchain/arm/arm-gnu-toolchain/bin/../lib/gcc/arm-none-eabi/6.3.1/../../../../arm-none-eabi/lib/thumb/v7e-m\libc.a(lib_a-dtoa.o)